Archive member included to satisfy reference by file (symbol)

c:/program files (x86)/atmel/studio/7.0/toolchain/avr8/avr8-gnu-toolchain/bin/../lib/gcc/avr/4.9.2/../../../../avr/lib/avr6\libm.a(addsf3.o)
                              mkuart.o (__subsf3)
c:/program files (x86)/atmel/studio/7.0/toolchain/avr8/avr8-gnu-toolchain/bin/../lib/gcc/avr/4.9.2/../../../../avr/lib/avr6\libm.a(addsf3x.o)
                              c:/program files (x86)/atmel/studio/7.0/toolchain/avr8/avr8-gnu-toolchain/bin/../lib/gcc/avr/4.9.2/../../../../avr/lib/avr6\libm.a(addsf3.o) (__addsf3x)
c:/program files (x86)/atmel/studio/7.0/toolchain/avr8/avr8-gnu-toolchain/bin/../lib/gcc/avr/4.9.2/../../../../avr/lib/avr6\libm.a(cmpsf2.o)
                              temperature_control.o (__eqsf2)
c:/program files (x86)/atmel/studio/7.0/toolchain/avr8/avr8-gnu-toolchain/bin/../lib/gcc/avr/4.9.2/../../../../avr/lib/avr6\libm.a(divsf3.o)
                              mkuart.o (__divsf3)
c:/program files (x86)/atmel/studio/7.0/toolchain/avr8/avr8-gnu-toolchain/bin/../lib/gcc/avr/4.9.2/../../../../avr/lib/avr6\libm.a(divsf3x.o)
                              c:/program files (x86)/atmel/studio/7.0/toolchain/avr8/avr8-gnu-toolchain/bin/../lib/gcc/avr/4.9.2/../../../../avr/lib/avr6\libm.a(divsf3.o) (__divsf3x)
c:/program files (x86)/atmel/studio/7.0/toolchain/avr8/avr8-gnu-toolchain/bin/../lib/gcc/avr/4.9.2/../../../../avr/lib/avr6\libm.a(exp.o)
                              temperature_control.o (exp)
c:/program files (x86)/atmel/studio/7.0/toolchain/avr8/avr8-gnu-toolchain/bin/../lib/gcc/avr/4.9.2/../../../../avr/lib/avr6\libm.a(fixsfsi.o)
                              mkuart.o (__fixsfsi)
c:/program files (x86)/atmel/studio/7.0/toolchain/avr8/avr8-gnu-toolchain/bin/../lib/gcc/avr/4.9.2/../../../../avr/lib/avr6\libm.a(fixunssfsi.o)
                              mkuart.o (__fixunssfsi)
c:/program files (x86)/atmel/studio/7.0/toolchain/avr8/avr8-gnu-toolchain/bin/../lib/gcc/avr/4.9.2/../../../../avr/lib/avr6\libm.a(floatsisf.o)
                              mkuart.o (__floatunsisf)
c:/program files (x86)/atmel/studio/7.0/toolchain/avr8/avr8-gnu-toolchain/bin/../lib/gcc/avr/4.9.2/../../../../avr/lib/avr6\libm.a(fp_cmp.o)
                              c:/program files (x86)/atmel/studio/7.0/toolchain/avr8/avr8-gnu-toolchain/bin/../lib/gcc/avr/4.9.2/../../../../avr/lib/avr6\libm.a(cmpsf2.o) (__fp_cmp)
c:/program files (x86)/atmel/studio/7.0/toolchain/avr8/avr8-gnu-toolchain/bin/../lib/gcc/avr/4.9.2/../../../../avr/lib/avr6\libm.a(fp_inf.o)
                              c:/program files (x86)/atmel/studio/7.0/toolchain/avr8/avr8-gnu-toolchain/bin/../lib/gcc/avr/4.9.2/../../../../avr/lib/avr6\libm.a(addsf3x.o) (__fp_inf)
c:/program files (x86)/atmel/studio/7.0/toolchain/avr8/avr8-gnu-toolchain/bin/../lib/gcc/avr/4.9.2/../../../../avr/lib/avr6\libm.a(fp_nan.o)
                              c:/program files (x86)/atmel/studio/7.0/toolchain/avr8/avr8-gnu-toolchain/bin/../lib/gcc/avr/4.9.2/../../../../avr/lib/avr6\libm.a(addsf3x.o) (__fp_nan)
c:/program files (x86)/atmel/studio/7.0/toolchain/avr8/avr8-gnu-toolchain/bin/../lib/gcc/avr/4.9.2/../../../../avr/lib/avr6\libm.a(fp_powser.o)
                              c:/program files (x86)/atmel/studio/7.0/toolchain/avr8/avr8-gnu-toolchain/bin/../lib/gcc/avr/4.9.2/../../../../avr/lib/avr6\libm.a(exp.o) (__fp_powser)
c:/program files (x86)/atmel/studio/7.0/toolchain/avr8/avr8-gnu-toolchain/bin/../lib/gcc/avr/4.9.2/../../../../avr/lib/avr6\libm.a(fp_pscA.o)
                              c:/program files (x86)/atmel/studio/7.0/toolchain/avr8/avr8-gnu-toolchain/bin/../lib/gcc/avr/4.9.2/../../../../avr/lib/avr6\libm.a(addsf3x.o) (__fp_pscA)
c:/program files (x86)/atmel/studio/7.0/toolchain/avr8/avr8-gnu-toolchain/bin/../lib/gcc/avr/4.9.2/../../../../avr/lib/avr6\libm.a(fp_pscB.o)
                              c:/program files (x86)/atmel/studio/7.0/toolchain/avr8/avr8-gnu-toolchain/bin/../lib/gcc/avr/4.9.2/../../../../avr/lib/avr6\libm.a(addsf3x.o) (__fp_pscB)
c:/program files (x86)/atmel/studio/7.0/toolchain/avr8/avr8-gnu-toolchain/bin/../lib/gcc/avr/4.9.2/../../../../avr/lib/avr6\libm.a(fp_round.o)
                              c:/program files (x86)/atmel/studio/7.0/toolchain/avr8/avr8-gnu-toolchain/bin/../lib/gcc/avr/4.9.2/../../../../avr/lib/avr6\libm.a(addsf3.o) (__fp_round)
c:/program files (x86)/atmel/studio/7.0/toolchain/avr8/avr8-gnu-toolchain/bin/../lib/gcc/avr/4.9.2/../../../../avr/lib/avr6\libm.a(fp_split3.o)
                              c:/program files (x86)/atmel/studio/7.0/toolchain/avr8/avr8-gnu-toolchain/bin/../lib/gcc/avr/4.9.2/../../../../avr/lib/avr6\libm.a(addsf3x.o) (__fp_split3)
c:/program files (x86)/atmel/studio/7.0/toolchain/avr8/avr8-gnu-toolchain/bin/../lib/gcc/avr/4.9.2/../../../../avr/lib/avr6\libm.a(fp_zero.o)
[...]
Memory Configuration

Name             Origin             Length             Attributes
text             0x00000000         0x00100000         xr
data             0x00800200         0x0000fe00         rw !x
eeprom           0x00810000         0x00010000         rw !x
fuse             0x00820000         0x00000400         rw !x
lock             0x00830000         0x00000400         rw !x
signature        0x00840000         0x00000400         rw !x
user_signatures  0x00850000         0x00000400         rw !x
*default*        0x00000000         0xffffffff

Linker script and memory map

Address of section .data set to 0x800200
LOAD C:/Program Files (x86)/Atmel/Studio/7.0/Packs/atmel/ATmega_DFP/1.0.106/gcc/dev/atmega2560/avr6/crtatmega2560.o
LOAD Configuration.o
LOAD Drivers.o
LOAD Eeprom.o
LOAD hardware.o
LOAD main.o
LOAD mfrc522.o
LOAD mkuart.o
LOAD modbus.o
LOAD RFID_RC522.o
LOAD softSPI.o
LOAD spi.o
LOAD temperature_control.o
LOAD tensometer.o
START GROUP
LOAD c:/program files (x86)/atmel/studio/7.0/toolchain/avr8/avr8-gnu-toolchain/bin/../lib/gcc/avr/4.9.2/../../../../avr/lib/avr6\libm.a
END GROUP
START GROUP
LOAD c:/program files (x86)/atmel/studio/7.0/toolchain/avr8/avr8-gnu-toolchain/bin/../lib/gcc/avr/4.9.2/avr6\libgcc.a
LOAD c:/program files (x86)/atmel/studio/7.0/toolchain/avr8/avr8-gnu-toolchain/bin/../lib/gcc/avr/4.9.2/../../../../avr/lib/avr6\libm.a
LOAD c:/program files (x86)/atmel/studio/7.0/toolchain/avr8/avr8-gnu-toolchain/bin/../lib/gcc/avr/4.9.2/../../../../avr/lib/avr6\libc.a
LOAD C:/Program Files (x86)/Atmel/Studio/7.0/Packs/atmel/ATmega_DFP/1.0.106/gcc/dev/atmega2560/avr6\libatmega2560.a
END GROUP
                0x00100000                __TEXT_REGION_LENGTH__ = DEFINED (__TEXT_REGION_LENGTH__)?__TEXT_REGION_LENGTH__:0x100000
                0x0000fe00                __DATA_REGION_LENGTH__ = DEFINED (__DATA_REGION_LENGTH__)?__DATA_REGION_LENGTH__:0xfe00
                0x00010000                __EEPROM_REGION_LENGTH__ = DEFINED (__EEPROM_REGION_LENGTH__)?__EEPROM_REGION_LENGTH__:0x10000
                0x00000400                __FUSE_REGION_LENGTH__ = DEFINED (__FUSE_REGION_LENGTH__)?__FUSE_REGION_LENGTH__:0x400
                0x00000400                __LOCK_REGION_LENGTH__ = DEFINED (__LOCK_REGION_LENGTH__)?__LOCK_REGION_LENGTH__:0x400
                0x00000400                __SIGNATURE_REGION_LENGTH__ = DEFINED (__SIGNATURE_REGION_LENGTH__)?__SIGNATURE_REGION_LENGTH__:0x400
                0x00000400                __USER_SIGNATURE_REGION_LENGTH__ = DEFINED (__USER_SIGNATURE_REGION_LENGTH__)?__USER_SIGNATURE_REGION_LENGTH__:0x400

.hash
 *(.hash)

.dynsym
 *(.dynsym)

.dynstr
 *(.dynstr)

.gnu.version
 *(.gnu.version)

.gnu.version_d
 *(.gnu.version_d)

.gnu.version_r
 *(.gnu.version_r)

.rel.init
 *(.rel.init)

.rela.init
 *(.rela.init)

.rel.text
 *(.rel.text)
 *(.rel.text.*)
 *(.rel.gnu.linkonce.t*)

.rela.text
 *(.rela.text)
 *(.rela.text.*)
 *(.rela.gnu.linkonce.t*)

.rel.fini
 *(.rel.fini)

.rela.fini
 *(.rela.fini)

.rel.rodata
 *(.rel.rodata)
 *(.rel.rodata.*)
 *(.rel.gnu.linkonce.r*)

.rela.rodata
 *(.rela.rodata)
 *(.rela.rodata.*)
 *(.rela.gnu.linkonce.r*)

.rel.data
 *(.rel.data)
 *(.rel.data.*)
 *(.rel.gnu.linkonce.d*)

.rela.data
 *(.rela.data)
 *(.rela.data.*)
 *(.rela.gnu.linkonce.d*)

.rel.ctors
 *(.rel.ctors)

.rela.ctors
 *(.rela.ctors)

.rel.dtors
 *(.rel.dtors)

.rela.dtors
 *(.rela.dtors)

.rel.got
 *(.rel.got)

.rela.got
 *(.rela.got)

.rel.bss
 *(.rel.bss)

.rela.bss
 *(.rela.bss)

.rel.plt
 *(.rel.plt)

.rela.plt
 *(.rela.plt)

.text           0x00000000     0x4968
 *(.vectors)
 .vectors       0x00000000       0xe4 C:/Program Files (x86)/Atmel/Studio/7.0/Packs/atmel/ATmega_DFP/1.0.106/gcc/dev/atmega2560/avr6/crtatmega2560.o
                0x00000000                __vector_default
                0x00000000                __vectors
 *(.vectors)
 *(.progmem.gcc*)
 .progmem.gcc_sw_table.parse_uart_data
                0x000000e4       0x20 modbus.o
                0x00000104                . = ALIGN (0x2)
                0x00000104                __trampolines_start = .
 *(.trampolines)
 .trampolines   0x00000104        0x0 linker stubs
 *(.trampolines*)
                0x00000104                __trampolines_end = .
 *libprintf_flt.a:*(.progmem.data)
 *libc.a:*(.progmem.data)
 *(.progmem*)
                0x00000104                . = ALIGN (0x2)
 *(.jumptables)
 *(.jumptables*)
 *(.lowtext)
 *(.lowtext*)
                0x00000104                __ctors_start = .
 *(.ctors)
                0x00000104                __ctors_end = .
                0x00000104                __dtors_start = .
 *(.dtors)
                0x00000104                __dtors_end = .
 SORT(*)(.ctors)
 SORT(*)(.dtors)
 *(.init0)
 .init0         0x00000104        0x0 C:/Program Files (x86)/Atmel/Studio/7.0/Packs/atmel/ATmega_DFP/1.0.106/gcc/dev/atmega2560/avr6/crtatmega2560.o
                0x00000104                __init
 *(.init0)
 *(.init1)
 *(.init1)
 *(.init2)
 .init2         0x00000104       0x10 C:/Program Files (x86)/Atmel/Studio/7.0/Packs/atmel/ATmega_DFP/1.0.106/gcc/dev/atmega2560/avr6/crtatmega2560.o
 *(.init2)
 *(.init3)
 *(.init3)
 *(.init4)
 .init4         0x00000114       0x1a c:/program files (x86)/atmel/studio/7.0/toolchain/avr8/avr8-gnu-toolchain/bin/../lib/gcc/avr/4.9.2/avr6\libgcc.a(_copy_data.o)
                0x00000114                __do_copy_data
 .init4         0x0000012e       0x10 c:/program files (x86)/atmel/studio/7.0/toolchain/avr8/avr8-gnu-toolchain/bin/../lib/gcc/avr/4.9.2/avr6\libgcc.a(_clear_bss.o)
                0x0000012e                __do_clear_bss
 *(.init4)
 *(.init5)
 *(.init5)
 *(.init6)
 *(.init6)
 *(.init7)
 *(.init7)
 *(.init8)
 *(.init8)
 *(.init9)
 .init9         0x0000013e        0x6 C:/Program Files (x86)/Atmel/Studio/7.0/Packs/atmel/ATmega_DFP/1.0.106/gcc/dev/atmega2560/avr6/crtatmega2560.o
 *(.init9)
 *(.text)
 .text          0x00000144        0x2 C:/Program Files (x86)/Atmel/Studio/7.0/Packs/atmel/ATmega_DFP/1.0.106/gcc/dev/atmega2560/avr6/crtatmega2560.o
                0x00000144                __vector_38
                0x00000144                __vector_22
                0x00000144                __vector_28
                0x00000144                __vector_1
                0x00000144                __vector_32
                0x00000144                __vector_34
                0x00000144                __vector_24
                0x00000144                __vector_12
                0x00000144                __vector_55
                0x00000144                __vector_46
                0x00000144                __bad_interrupt
                0x00000144                __vector_6
                0x00000144                __vector_31
                0x00000144                __vector_35
                0x00000144                __vector_39
                0x00000144                __vector_3
                0x00000144                __vector_23
                0x00000144                __vector_30
                0x00000144                __vector_45
                0x00000144                __vector_25
                0x00000144                __vector_11
                0x00000144                __vector_54
                0x00000144                __vector_13
                0x00000144                __vector_19
                0x00000144                __vector_56
                0x00000144                __vector_7
                0x00000144                __vector_49
                0x00000144                __vector_41
                0x00000144                __vector_43
                0x00000144                __vector_27
                0x00000144                __vector_5
                0x00000144                __vector_33
                0x00000144                __vector_47
                0x00000144                __vector_37
                0x00000144                __vector_4
                0x00000144                __vector_44
                0x00000144                __vector_9
                0x00000144                __vector_2
                0x00000144                __vector_15
                0x00000144                __vector_36
                0x00000144                __vector_40
                0x00000144                __vector_8
                0x00000144                __vector_26
                0x00000144                __vector_48
                0x00000144                __vector_14
                0x00000144                __vector_53
                0x00000144                __vector_10
                0x00000144                __vector_50
                0x00000144                __vector_16
                0x00000144                __vector_18
                0x00000144                __vector_20
                0x00000144                __vector_42
                0x00000146                . = ALIGN (0x2)
 *(.text.*)
 .text.init     0x00000146       0x28 Configuration.o
                0x00000146                init
 .text.register_filament_drivers_event_callback
                0x0000016e       0x26 Drivers.o
                0x0000016e                register_filament_drivers_event_callback
 .text.FILAMENT_DRIVERS_EVENT
                0x00000194       0x26 Drivers.o
                0x00000194                FILAMENT_DRIVERS_EVENT
 .text.initializeDrivers
                0x000001ba       0xfe Drivers.o
                0x000001ba                initializeDrivers
 .text.manageFilamentDrivers
                0x000002b8        0xe Drivers.o
                0x000002b8                manageFilamentDrivers
 .text.eprSetuint8_t
                0x000002c6       0x26 Eeprom.o
                0x000002c6                eprSetuint8_t
 .text.eprSetInt16
                0x000002ec       0x30 Eeprom.o
                0x000002ec                eprSetInt16
 .text.eprSetInt32
                0x0000031c       0x40 Eeprom.o
                0x0000031c                eprSetInt32
 .text.eprGetuint8_t
                0x0000035c       0x22 Eeprom.o
                0x0000035c                eprGetuint8_t
 .text.eprGetInt16
                0x0000037e       0x22 Eeprom.o
                0x0000037e                eprGetInt16
 .text.eprGetInt32
                0x000003a0       0x2a Eeprom.o
                0x000003a0                eprGetInt32
 .text.computeChecksum
                0x000003ca       0x4c Eeprom.o
                0x000003ca                computeChecksum
 .text.storeDataIntoEEPROM
                0x00000416       0xae Eeprom.o
                0x00000416                storeDataIntoEEPROM
 .text.restoreEEPROMSettingsFromConfiguration
                0x000004c4       0x12 Eeprom.o
                0x000004c4                restoreEEPROMSettingsFromConfiguration
 .text.readDataFromEEPROM
                0x000004d6       0xa2 Eeprom.o
                0x000004d6                readDataFromEEPROM
 .text.get_epr_version
                0x00000578       0x14 Eeprom.o
                0x00000578                get_epr_version
 .text.load_default_variables
                0x0000058c      0x30c Eeprom.o
                0x0000058c                load_default_variables
 .text.Pin_init
                0x00000898        0xe hardware.o
                0x00000898                Pin_init
 .text.set_default_pins
                0x000008a6      0x142 hardware.o
                0x000008a6                set_default_pins
 .text.Timer0_init
                0x000009e8       0x4e hardware.o
                0x000009e8                Timer0_init
 .text.Timer1_init
                0x00000a36       0x4a hardware.o
                0x00000a36                Timer1_init
 .text.__vector_17
                0x00000a80      0x10a hardware.o
                0x00000a80                __vector_17
 .text.__vector_21
                0x00000b8a      0x1c8 hardware.o
                0x00000b8a                __vector_21
 .text.__vector_29
                0x00000d52      0x1b6 hardware.o
                0x00000d52                __vector_29
 .text.main     0x00000f08       0x3e main.o
                0x00000f08                main
 .text.register_uart_str_rx_event_callback
                0x00000f46       0x26 mkuart.o
                0x00000f46                register_uart_str_rx_event_callback
 .text.UART_RX_STR_EVENT
                0x00000f6c       0x4e mkuart.o
                0x00000f6c                UART_RX_STR_EVENT
 .text.ascii_to_int
                0x00000fba       0x42 mkuart.o
                0x00000fba                ascii_to_int
 .text.int_to_ascii
                0x00000ffc       0x36 mkuart.o
                0x00000ffc                int_to_ascii
 .text.USARTX_Init
                0x00001032       0x86 mkuart.o
                0x00001032                USARTX_Init
 .text.uart_putc
                0x000010b8       0x56 mkuart.o
                0x000010b8                uart_putc
 .text.uart_puts
                0x0000110e       0x3a mkuart.o
                0x0000110e                uart_puts
 .text.uart_putint
                0x00001148       0x4a mkuart.o
                0x00001148                uart_putint
 .text.__vector_52
                0x00001192       0x8c mkuart.o
                0x00001192                __vector_52
 .text.uart_getc
                0x0000121e       0x40 mkuart.o
                0x0000121e                uart_getc
 .text.uart_get_str
                0x0000125e       0xce mkuart.o
                0x0000125e                uart_get_str
 .text.__vector_51
                0x0000132c       0xc8 mkuart.o
                0x0000132c                __vector_51
 .text.calculate_LRC
                0x000013f4       0x56 modbus.o
                0x000013f4                calculate_LRC
 .text.delay_transmision
                0x0000144a       0x70 modbus.o
                0x0000144a                delay_transmision
 .text.check_modbus_blocade
                0x000014ba       0x36 modbus.o
                0x000014ba                check_modbus_blocade
 .text.mod_send_ascii
                0x000014f0       0x44 modbus.o
                0x000014f0                mod_send_ascii
 .text.modbus_puts
                0x00001534       0x62 modbus.o
                0x00001534                modbus_puts
 .text.modbus_puts_s
                0x00001596       0x38 modbus.o
                0x00001596                modbus_puts_s
 .text.modbus_puts_var_int
                0x000015ce       0x4a modbus.o
                0x000015ce                modbus_puts_var_int
 .text.mod_write_single_register
                0x00001618      0x25e modbus.o
                0x00001618                mod_write_single_register
 .text.mod_write_multiple_registers
                0x00001876      0x2b0 modbus.o
                0x00001876                mod_write_multiple_registers
 .text.get_int16_t_data
                0x00001b26       0x8c modbus.o
                0x00001b26                get_int16_t_data
 .text.mod_read_input_register
                0x00001bb2      0x2fc modbus.o
                0x00001bb2                mod_read_input_register
 .text.parse_uart_data
                0x00001eae       0xd4 modbus.o
                0x00001eae                parse_uart_data
 .text.disableAllHeater
                0x00001f82       0x8a temperature_control.o
                0x00001f82                disableAllHeater
 .text.setTargetTemperature
                0x0000200c      0x572 temperature_control.o
                0x0000200c                setTargetTemperature
 .text.register_manage_tensometer_event_callback
                0x0000257e       0x26 tensometer.o
                0x0000257e                register_manage_tensometer_event_callback
 .text.MANAGE_TENSOMETER_EVENT
                0x000025a4       0x26 tensometer.o
                0x000025a4                MANAGE_TENSOMETER_EVENT
 .text.initTensometer
                0x000025ca      0x28e tensometer.o
                0x000025ca                initTensometer
 .text.calulate_calibration_constant
                0x00002858      0x170 tensometer.o
                0x00002858                calulate_calibration_constant
 .text.calibration_sequence
                0x000029c8      0x5b2 tensometer.o
                0x000029c8                calibration_sequence
 .text.offset_calibration
                0x00002f7a      0x5fa tensometer.o
                0x00002f7a                offset_calibration
 .text.make_tensometer_measure
                0x00003574      0xe52 tensometer.o
                0x00003574                make_tensometer_measure
 .text.get_roll_weight
                0x000043c6       0x34 tensometer.o
                0x000043c6                get_roll_weight
 .text.manageTensometer
                0x000043fa       0x38 tensometer.o
                0x000043fa                manageTensometer
 .text.avr-libc.fplib
                0x00004432        0x8 c:/program files (x86)/atmel/studio/7.0/toolchain/avr8/avr8-gnu-toolchain/bin/../lib/gcc/avr/4.9.2/../../../../avr/lib/avr6\libm.a(cmpsf2.o)
                0x00004432                __nesf2
                0x00004432                __eqsf2
                0x00004432                __cmpsf2
                0x00004432                __ltsf2
                0x00004432                __lesf2
 .text.avr-libc.fplib
                0x0000443a        0x4 c:/program files (x86)/atmel/studio/7.0/toolchain/avr8/avr8-gnu-toolchain/bin/../lib/gcc/avr/4.9.2/../../../../avr/lib/avr6\libm.a(divsf3.o)
                0x0000443a                __divsf3
 .text.avr-libc.fplib
                0x0000443e       0xcc c:/program files (x86)/atmel/studio/7.0/toolchain/avr8/avr8-gnu-toolchain/bin/../lib/gcc/avr/4.9.2/../../../../avr/lib/avr6\libm.a(divsf3x.o)
                0x00004454                __divsf3x
                0x00004458                __divsf3_pse
 .text.avr-libc.fplib
                0x0000450a        0xa c:/program files (x86)/atmel/studio/7.0/toolchain/avr8/avr8-gnu-toolchain/bin/../lib/gcc/avr/4.9.2/../../../../avr/lib/avr6\libm.a(fixsfsi.o)
                0x0000450a                __fixsfsi
 .text.avr-libc.fplib
                0x00004514       0x58 c:/program files (x86)/atmel/studio/7.0/toolchain/avr8/avr8-gnu-toolchain/bin/../lib/gcc/avr/4.9.2/../../../../avr/lib/avr6\libm.a(fixunssfsi.o)
                0x00004514                __fixunssfsi
 .text.avr-libc.fplib
                0x0000456c       0x7a c:/program files (x86)/atmel/studio/7.0/toolchain/avr8/avr8-gnu-toolchain/bin/../lib/gcc/avr/4.9.2/../../../../avr/lib/avr6\libm.a(floatsisf.o)
                0x0000456c                __floatunsisf
                0x00004570                __floatsisf
 .text.avr-libc.fplib
                0x000045e6       0x48 c:/program files (x86)/atmel/studio/7.0/toolchain/avr8/avr8-gnu-toolchain/bin/../lib/gcc/avr/4.9.2/../../../../avr/lib/avr6\libm.a(fp_cmp.o)
                0x000045e6                __fp_cmp
 .text.avr-libc.fplib
                0x0000462e        0xc c:/program files (x86)/atmel/studio/7.0/toolchain/avr8/avr8-gnu-toolchain/bin/../lib/gcc/avr/4.9.2/../../../../avr/lib/avr6\libm.a(fp_inf.o)
                0x0000462e                __fp_inf
 .text.avr-libc.fplib
                0x0000463a        0x6 c:/program files (x86)/atmel/studio/7.0/toolchain/avr8/avr8-gnu-toolchain/bin/../lib/gcc/avr/4.9.2/../../../../avr/lib/avr6\libm.a(fp_nan.o)
                0x0000463a                __fp_nan
 .text.avr-libc.fplib
                0x00004640        0xe c:/program files (x86)/atmel/studio/7.0/toolchain/avr8/avr8-gnu-toolchain/bin/../lib/gcc/avr/4.9.2/../../../../avr/lib/avr6\libm.a(fp_pscA.o)
                0x00004640                __fp_pscA
 .text.avr-libc.fplib
                0x0000464e        0xe c:/program files (x86)/atmel/studio/7.0/toolchain/avr8/avr8-gnu-toolchain/bin/../lib/gcc/avr/4.9.2/../../../../avr/lib/avr6\libm.a(fp_pscB.o)
                0x0000464e                __fp_pscB
 .text.avr-libc.fplib
                0x0000465c       0x22 c:/program files (x86)/atmel/studio/7.0/toolchain/avr8/avr8-gnu-toolchain/bin/../lib/gcc/avr/4.9.2/../../../../avr/lib/avr6\libm.a(fp_round.o)
                0x0000465c                __fp_round
 .text.avr-libc.fplib
                0x0000467e       0x44 c:/program files (x86)/atmel/studio/7.0/toolchain/avr8/avr8-gnu-toolchain/bin/../lib/gcc/avr/4.9.2/../../../../avr/lib/avr6\libm.a(fp_split3.o)
                0x0000467e                __fp_split3
                0x0000468e                __fp_splitA
 .text.avr-libc.fplib
                0x000046c2        0xe c:/program files (x86)/atmel/studio/7.0/toolchain/avr8/avr8-gnu-toolchain/bin/../lib/gcc/avr/4.9.2/../../../../avr/lib/avr6\libm.a(fp_zero.o)
                0x000046c2                __fp_zero
                0x000046c4                __fp_szero
 .text.avr-libc.fplib
                0x000046d0        0x8 c:/program files (x86)/atmel/studio/7.0/toolchain/avr8/avr8-gnu-toolchain/bin/../lib/gcc/avr/4.9.2/../../../../avr/lib/avr6\libm.a(gesf2.o)
                0x000046d0                __gesf2
                0x000046d0                __gtsf2
 .text.avr-libc.fplib
                0x000046d8        0x4 c:/program files (x86)/atmel/studio/7.0/toolchain/avr8/avr8-gnu-toolchain/bin/../lib/gcc/avr/4.9.2/../../../../avr/lib/avr6\libm.a(mulsf3.o)
                0x000046d8                __mulsf3
 .text.avr-libc.fplib
                0x000046dc       0xc2 c:/program files (x86)/atmel/studio/7.0/toolchain/avr8/avr8-gnu-toolchain/bin/../lib/gcc/avr/4.9.2/../../../../avr/lib/avr6\libm.a(mulsf3x.o)
                0x000046f0                __mulsf3x
                0x000046f4                __mulsf3_pse
 .text.libgcc.mul
                0x0000479e       0x1e c:/program files (x86)/atmel/studio/7.0/toolchain/avr8/avr8-gnu-toolchain/bin/../lib/gcc/avr/4.9.2/avr6\libgcc.a(_mulsi3.o)
                0x0000479e                __mulsi3
 .text.libgcc.div
                0x000047bc       0x44 c:/program files (x86)/atmel/studio/7.0/toolchain/avr8/avr8-gnu-toolchain/bin/../lib/gcc/avr/4.9.2/avr6\libgcc.a(_udivmodsi4.o)
                0x000047bc                __udivmodsi4
 .text.libgcc.div
                0x00004800       0x28 c:/program files (x86)/atmel/studio/7.0/toolchain/avr8/avr8-gnu-toolchain/bin/../lib/gcc/avr/4.9.2/avr6\libgcc.a(_divmodsi4.o)
                0x00004800                __divmodsi4
 .text.libgcc.div
                0x00004828       0x10 c:/program files (x86)/atmel/studio/7.0/toolchain/avr8/avr8-gnu-toolchain/bin/../lib/gcc/avr/4.9.2/avr6\libgcc.a(_negsi2.o)
                0x00004828                __negsi2
 .text.libgcc   0x00004838       0x10 c:/program files (x86)/atmel/studio/7.0/toolchain/avr8/avr8-gnu-toolchain/bin/../lib/gcc/avr/4.9.2/avr6\libgcc.a(_tablejump2.o)
                0x00004838                __tablejump2__
 .text.libgcc.mul
                0x00004848       0x14 c:/program files (x86)/atmel/studio/7.0/toolchain/avr8/avr8-gnu-toolchain/bin/../lib/gcc/avr/4.9.2/avr6\libgcc.a(_muluhisi3.o)
                0x00004848                __muluhisi3
 .text.libgcc.mul
                0x0000485c       0x1e c:/program files (x86)/atmel/studio/7.0/toolchain/avr8/avr8-gnu-toolchain/bin/../lib/gcc/avr/4.9.2/avr6\libgcc.a(_umulhisi3.o)
                0x0000485c                __umulhisi3
 .text.avr-libc
                0x0000487a       0x14 c:/program files (x86)/atmel/studio/7.0/toolchain/avr8/avr8-gnu-toolchain/bin/../lib/gcc/avr/4.9.2/../../../../avr/lib/avr6\libc.a(itoa.o)
                0x0000487a                __itoa
                0x0000487a                itoa
 .text.avr-libc
                0x0000488e       0x14 c:/program files (x86)/atmel/studio/7.0/toolchain/avr8/avr8-gnu-toolchain/bin/../lib/gcc/avr/4.9.2/../../../../avr/lib/avr6\libc.a(itoa_ncheck.o)
                0x0000488e                __itoa_ncheck
 .text.avr-libc
                0x000048a2       0x32 c:/program files (x86)/atmel/studio/7.0/toolchain/avr8/avr8-gnu-toolchain/bin/../lib/gcc/avr/4.9.2/../../../../avr/lib/avr6\libc.a(utoa_ncheck.o)
                0x000048a2                __utoa_ncheck
                0x000048a4                __utoa_common
 .text.avr-libc
                0x000048d4       0x20 c:/program files (x86)/atmel/studio/7.0/toolchain/avr8/avr8-gnu-toolchain/bin/../lib/gcc/avr/4.9.2/../../../../avr/lib/avr6\libc.a(strrev.o)
                0x000048d4                strrev
 .text.avr-libc
                0x000048f4       0x20 C:/Program Files (x86)/Atmel/Studio/7.0/Packs/atmel/ATmega_DFP/1.0.106/gcc/dev/atmega2560/avr6\libatmega2560.a(eerd_block.o)
                0x000048f4                eeprom_read_block
                0x000048f8                eeprom_read_blraw
 .text.avr-libc
                0x00004914       0x10 C:/Program Files (x86)/Atmel/Studio/7.0/Packs/atmel/ATmega_DFP/1.0.106/gcc/dev/atmega2560/avr6\libatmega2560.a(eerd_byte.o)
                0x00004914                eeprom_read_byte
 .text.avr-libc
                0x00004924        0xa C:/Program Files (x86)/Atmel/Studio/7.0/Packs/atmel/ATmega_DFP/1.0.106/gcc/dev/atmega2560/avr6\libatmega2560.a(eerd_dword.o)
                0x00004924                eeprom_read_float
                0x00004924                eeprom_read_dword
 .text.avr-libc
                0x0000492e        0xa C:/Program Files (x86)/Atmel/Studio/7.0/Packs/atmel/ATmega_DFP/1.0.106/gcc/dev/atmega2560/avr6\libatmega2560.a(eerd_word.o)
                0x0000492e                eeprom_read_word
 .text.avr-libc
                0x00004938       0x1c C:/Program Files (x86)/Atmel/Studio/7.0/Packs/atmel/ATmega_DFP/1.0.106/gcc/dev/atmega2560/avr6\libatmega2560.a(eewr_byte.o)
                0x00004938                eeprom_write_byte
                0x0000493a                eeprom_write_r18
 .text.avr-libc
                0x00004954        0xa C:/Program Files (x86)/Atmel/Studio/7.0/Packs/atmel/ATmega_DFP/1.0.106/gcc/dev/atmega2560/avr6\libatmega2560.a(eewr_dword.o)
                0x00004954                eeprom_write_dword
                0x00004954                eeprom_write_float
 .text.avr-libc
                0x0000495e        0x6 C:/Program Files (x86)/Atmel/Studio/7.0/Packs/atmel/ATmega_DFP/1.0.106/gcc/dev/atmega2560/avr6\libatmega2560.a(eewr_word.o)
                0x0000495e                eeprom_write_word
                0x00004964                . = ALIGN (0x2)
 *(.fini9)
 .fini9         0x00004964        0x0 c:/program files (x86)/atmel/studio/7.0/toolchain/avr8/avr8-gnu-toolchain/bin/../lib/gcc/avr/4.9.2/avr6\libgcc.a(_exit.o)
                0x00004964                _exit
                0x00004964                exit
 *(.fini9)
 *(.fini8)
 *(.fini8)
 *(.fini7)
 *(.fini7)
 *(.fini6)
 *(.fini6)
 *(.fini5)
 *(.fini5)
 *(.fini4)
 *(.fini4)
 *(.fini3)
 *(.fini3)
 *(.fini2)
 *(.fini2)
 *(.fini1)
 *(.fini1)
 *(.fini0)
 .fini0         0x00004964        0x4 c:/program files (x86)/atmel/studio/7.0/toolchain/avr8/avr8-gnu-toolchain/bin/../lib/gcc/avr/4.9.2/avr6\libgcc.a(_exit.o)
 *(.fini0)
                0x00004968                _etext = .

.data           0x00800200      0x638 load address 0x00004968
                0x00800200                PROVIDE (__data_start, .)
 *(.data)
 *(.data*)
 .data.baudrate
                0x00800200        0x4 main.o
                0x00800200                baudrate
 .data.autotuneIndex
                0x00800204        0x1 temperature_control.o
                0x00800204                autotuneIndex
 *(.rodata)
 *(.rodata*)
 .rodata.__c.2156
                0x00800205       0x13 modbus.o
 .rodata.__c.2160
                0x00800218       0x12 modbus.o
 .rodata.temptable_1
                0x0080022a       0x70 temperature_control.o
                0x0080022a                temptable_1
 .rodata.temptable_2
                0x0080029a       0x54 temperature_control.o
                0x0080029a                temptable_2
 .rodata.temptable_3
                0x008002ee       0x70 temperature_control.o
                0x008002ee                temptable_3
 .rodata.temptable_4
                0x0080035e       0x50 temperature_control.o
                0x0080035e                temptable_4
 .rodata.temptable_8
                0x008003ae       0x88 temperature_control.o
                0x008003ae                temptable_8
 .rodata.temptable_9
                0x00800436      0x10c temperature_control.o
                0x00800436                temptable_9
 .rodata.temptable_10
                0x00800542       0x50 temperature_control.o
                0x00800542                temptable_10
 .rodata.temptable_11
                0x00800592       0x7c temperature_control.o
                0x00800592                temptable_11
 .rodata.temptable_12
                0x0080060e       0x7c temperature_control.o
                0x0080060e                temptable_12
 .rodata.temptable_13
                0x0080068a       0x4c temperature_control.o
                0x0080068a                temptable_13
 .rodata.temptable_14
                0x008006d6       0xb8 temperature_control.o
                0x008006d6                temptable_14
 .rodata.temptables
                0x0080078e       0x1c temperature_control.o
                0x0080078e                temptables
 .rodata.temptables_num
                0x008007aa        0xe temperature_control.o
                0x008007aa                temptables_num
 .rodata.__c.1835
                0x008007b8       0x37 tensometer.o
 .rodata.__c.1839
                0x008007ef        0x9 tensometer.o
 .rodata.__c.1850
                0x008007f8       0x1d tensometer.o
 .rodata.__c.1853
                0x00800815        0x9 tensometer.o
 .rodata.__c.1865
                0x0080081e       0x19 tensometer.o
 *(.gnu.linkonce.d*)
                0x00800838                . = ALIGN (0x2)
 *fill*         0x00800837        0x1 
                0x00800838                _edata = .
                0x00800838                PROVIDE (__data_end, .)

.bss            0x00800838      0x3f6
                0x00800838                PROVIDE (__bss_start, .)
 *(.bss)
 *(.bss*)
 .bss.driver_speed
                0x00800838        0x4 Drivers.o
                0x00800838                driver_speed
 .bss.driver0_enabled
                0x0080083c        0x1 Drivers.o
                0x0080083c                driver0_enabled
 .bss.driver1_enabled
                0x0080083d        0x1 Drivers.o
                0x0080083d                driver1_enabled
 .bss.filament_drivers_event_callback
                0x0080083e        0x2 Drivers.o
 .bss.millis    0x00800840        0x4 hardware.o
                0x00800840                millis
 .bss.Door_move_timer
                0x00800844        0x2 hardware.o
                0x00800844                Door_move_timer
 .bss.Door_delay_timer
                0x00800846        0x2 hardware.o
                0x00800846                Door_delay_timer
 .bss.Filament_measure_timer
                0x00800848        0x2 hardware.o
                0x00800848                Filament_measure_timer
 .bss.osAnalogInputPos
                0x0080084a        0x1 hardware.o
                0x0080084a                osAnalogInputPos
 .bss.driver0_delay.1751
                0x0080084b        0x4 hardware.o
 .bss.driver0_step.1749
                0x0080084f        0x1 hardware.o
 .bss.driver1_delay.1752
                0x00800850        0x4 hardware.o
 .bss.driver1_step.1750
                0x00800854        0x1 hardware.o
 .bss.block_modbus_transmission
                0x00800855        0x1 mkuart.o
                0x00800855                block_modbus_transmission
 .bss.uart_rx_str_event_callback
                0x00800856        0x2 mkuart.o
 .bss.autotune  0x00800858        0x1 modbus.o
                0x00800858                autotune
 .bss.calibration
                0x00800859        0x1 tensometer.o
                0x00800859                calibration
 .bss.calibrating_tensometer
                0x0080085a        0x1 tensometer.o
                0x0080085a                calibrating_tensometer
 .bss.tensometer_event_callback
                0x0080085b        0x2 tensometer.o
 .bss.input_mux.1878
                0x0080085d        0x1 tensometer.o
 *(COMMON)
 COMMON         0x0080085e        0x7 Configuration.o
                0x0080085e                pwm_pos
 COMMON         0x00800865       0x25 hardware.o
                0x00800865                modbus_transmission_blocade_timer
                0x00800867                osAnalogInputCounter
                0x0080086e                osAnalogInputValues
                0x0080087c                osAnalogInputBuildup
 COMMON         0x0080088a       0xd7 mkuart.o
                0x0080088a                UART_TxHead
                0x0080088b                new_line
                0x0080088c                PrzetworzonaRamka
                0x0080089e                UART_TxTail
                0x0080089f                UART_TxBuf
                0x0080091f                UART_RxHead
                0x00800920                UART_RxTail
                0x00800921                UART_RxBuf
 COMMON         0x00800961       0x40 modbus.o
                0x00800961                bufor
 COMMON         0x008009a1      0x25f temperature_control.o
                0x008009a1                tempController
                0x00800b6f                fan
                0x00800b75                temptable_generic1
                0x00800bf9                autotunepidtable
 COMMON         0x00800c00       0x2e tensometer.o
                0x00800c00                tensometer
                0x00800c2e                PROVIDE (__bss_end, .)
                0x00004968                __data_load_start = LOADADDR (.data)
                0x00004fa0                __data_load_end = (__data_load_start + SIZEOF (.data))

.noinit         0x00800c2e        0x0
                [!provide]                PROVIDE (__noinit_start, .)
 *(.noinit*)
                [!provide]                PROVIDE (__noinit_end, .)
                0x00800c2e                _end = .
                [!provide]                PROVIDE (__heap_start, .)

.eeprom         0x00810000        0x0
 *(.eeprom*)
                0x00810000                __eeprom_end = .

.fuse
 *(.fuse)
 *(.lfuse)
 *(.hfuse)
 *(.efuse)

.lock
 *(.lock*)

.signature
 *(.signature*)

.user_signatures
 *(.user_signatures*)

.stab
 *(.stab)

.stabstr
 *(.stabstr)

.stab.excl
 *(.stab.excl)

.stab.exclstr
 *(.stab.exclstr)

.stab.index
 *(.stab.index)

.stab.indexstr
 *(.stab.indexstr)

.comment        0x00000000       0x30
 *(.comment)
 .comment       0x00000000       0x30 Configuration.o
                                 0x31 (size before relaxing)
 .comment       0x00000030       0x31 Drivers.o
 .comment       0x00000030       0x31 Eeprom.o
 .comment       0x00000030       0x31 hardware.o
 .comment       0x00000030       0x31 main.o
 .comment       0x00000030       0x31 mkuart.o
 .comment       0x00000030       0x31 modbus.o
 .comment       0x00000030       0x31 temperature_control.o
 .comment       0x00000030       0x31 tensometer.o

.note.gnu.avr.deviceinfo
                0x00000000       0x40
 .note.gnu.avr.deviceinfo
                0x00000000       0x40 C:/Program Files (x86)/Atmel/Studio/7.0/Packs/atmel/ATmega_DFP/1.0.106/gcc/dev/atmega2560/avr6/crtatmega2560.o

.note.gnu.build-id
 *(.note.gnu.build-id)

.debug
 *(.debug)

.line
 *(.line)

.debug_srcinfo
 *(.debug_srcinfo)

.debug_sfnames
 *(.debug_sfnames)

.debug_aranges  0x00000000      0x360
 *(.debug_aranges)
 .debug_aranges
                0x00000000       0x20 Configuration.o
 .debug_aranges
                0x00000020       0x50 Drivers.o
 .debug_aranges
                0x00000070       0x98 Eeprom.o
 .debug_aranges
                0x00000108       0x58 hardware.o
 .debug_aranges
                0x00000160       0x20 main.o
 .debug_aranges
                0x00000180       0x90 mkuart.o
 .debug_aranges
                0x00000210       0x80 modbus.o
 .debug_aranges
                0x00000290       0x70 temperature_control.o
 .debug_aranges
                0x00000300       0x60 tensometer.o

.debug_pubnames
 *(.debug_pubnames)

.debug_info     0x00000000     0x3c1b
 *(.debug_info .gnu.linkonce.wi.*)
 .debug_info    0x00000000       0xcd Configuration.o
 .debug_info    0x000000cd      0x1d9 Drivers.o
 .debug_info    0x000002a6      0x604 Eeprom.o
 .debug_info    0x000008aa      0x4ac hardware.o
 .debug_info    0x00000d56      0x154 main.o
 .debug_info    0x00000eaa      0x655 mkuart.o
 .debug_info    0x000014ff      0x8da modbus.o
 .debug_info    0x00001dd9     0x100c temperature_control.o
 .debug_info    0x00002de5      0xe36 tensometer.o

.debug_abbrev   0x00000000      0xd34
 *(.debug_abbrev)
 .debug_abbrev  0x00000000       0x8a Configuration.o
 .debug_abbrev  0x0000008a       0xd9 Drivers.o
 .debug_abbrev  0x00000163      0x193 Eeprom.o
 .debug_abbrev  0x000002f6      0x110 hardware.o
 .debug_abbrev  0x00000406       0xcb main.o
 .debug_abbrev  0x000004d1      0x1df mkuart.o
 .debug_abbrev  0x000006b0      0x218 modbus.o
 .debug_abbrev  0x000008c8      0x258 temperature_control.o
 .debug_abbrev  0x00000b20      0x214 tensometer.o

.debug_line     0x00000000     0x2e02
 *(.debug_line .debug_line.* .debug_line_end)
 .debug_line    0x00000000       0xf3 Configuration.o
 .debug_line    0x000000f3      0x220 Drivers.o
 .debug_line    0x00000313      0x4db Eeprom.o
 .debug_line    0x000007ee      0x36a hardware.o
 .debug_line    0x00000b58      0x131 main.o
 .debug_line    0x00000c89      0x541 mkuart.o
 .debug_line    0x000011ca      0x70d modbus.o
 .debug_line    0x000018d7      0xad6 temperature_control.o
 .debug_line    0x000023ad      0xa55 tensometer.o

.debug_frame    0x00000000      0xd8c
 *(.debug_frame)
 .debug_frame   0x00000000       0x34 Configuration.o
 .debug_frame   0x00000034       0xf4 Drivers.o
 .debug_frame   0x00000128      0x214 Eeprom.o
 .debug_frame   0x0000033c      0x198 hardware.o
 .debug_frame   0x000004d4       0x34 main.o
 .debug_frame   0x00000508      0x280 mkuart.o
 .debug_frame   0x00000788      0x1dc modbus.o
 .debug_frame   0x00000964      0x29c temperature_control.o
 .debug_frame   0x00000c00      0x18c tensometer.o

.debug_str      0x00000000      0xfe1
 *(.debug_str)
 .debug_str     0x00000000      0x17c Configuration.o
                                0x1c8 (size before relaxing)
 .debug_str     0x0000017c       0xf0 Drivers.o
                                0x2a3 (size before relaxing)
 .debug_str     0x0000026c      0x339 Eeprom.o
                                0x531 (size before relaxing)
 .debug_str     0x000005a5      0x188 hardware.o
                                0x4d7 (size before relaxing)
 .debug_str     0x0000072d       0x3f main.o
                                0x210 (size before relaxing)
 .debug_str     0x0000076c      0x229 mkuart.o
                                0x3ec (size before relaxing)
 .debug_str     0x00000995      0x203 modbus.o
                                0x673 (size before relaxing)
 .debug_str     0x00000b98      0x2da temperature_control.o
                                0x6fd (size before relaxing)
 .debug_str     0x00000e72      0x16f tensometer.o
                                0x488 (size before relaxing)

.debug_loc      0x00000000     0x1c50
 *(.debug_loc)
 .debug_loc     0x00000000       0x3b Configuration.o
 .debug_loc     0x0000003b      0x1d1 Drivers.o
 .debug_loc     0x0000020c      0x43f Eeprom.o
 .debug_loc     0x0000064b      0x351 hardware.o
 .debug_loc     0x0000099c       0x3b main.o
 .debug_loc     0x000009d7      0x55e mkuart.o
 .debug_loc     0x00000f35      0x3e5 modbus.o
 .debug_loc     0x0000131a      0x5fa temperature_control.o
 .debug_loc     0x00001914      0x33c tensometer.o

.debug_macinfo
 *(.debug_macinfo)

.debug_weaknames
 *(.debug_weaknames)

.debug_funcnames
 *(.debug_funcnames)

.debug_typenames
 *(.debug_typenames)

.debug_varnames
 *(.debug_varnames)

.debug_pubtypes
 *(.debug_pubtypes)

.debug_ranges   0x00000000      0x2d0
 *(.debug_ranges)
 .debug_ranges  0x00000000       0x10 Configuration.o
 .debug_ranges  0x00000010       0x40 Drivers.o
 .debug_ranges  0x00000050       0x88 Eeprom.o
 .debug_ranges  0x000000d8       0x48 hardware.o
 .debug_ranges  0x00000120       0x10 main.o
 .debug_ranges  0x00000130       0x80 mkuart.o
 .debug_ranges  0x000001b0       0x70 modbus.o
 .debug_ranges  0x00000220       0x60 temperature_control.o
 .debug_ranges  0x00000280       0x50 tensometer.o

.debug_macro
 *(.debug_macro)
OUTPUT(FilamentBoxBoard.elf elf32-avr)
LOAD linker stubs
