Archive member included to satisfy reference by file (symbol)

c:/program files (x86)/atmel/studio/7.0/toolchain/avr8/avr8-gnu-toolchain/bin/../lib/gcc/avr/4.9.2/../../../../avr/lib/avr6\libm.a(addsf3.o)
                              mkuart.o (__subsf3)
c:/program files (x86)/atmel/studio/7.0/toolchain/avr8/avr8-gnu-toolchain/bin/../lib/gcc/avr/4.9.2/../../../../avr/lib/avr6\libm.a(addsf3x.o)
                              c:/program files (x86)/atmel/studio/7.0/toolchain/avr8/avr8-gnu-toolchain/bin/../lib/gcc/avr/4.9.2/../../../../avr/lib/avr6\libm.a(addsf3.o) (__addsf3x)
c:/program files (x86)/atmel/studio/7.0/toolchain/avr8/avr8-gnu-toolchain/bin/../lib/gcc/avr/4.9.2/../../../../avr/lib/avr6\libm.a(cmpsf2.o)
                              temperature_control.o (__eqsf2)
c:/program files (x86)/atmel/studio/7.0/toolchain/avr8/avr8-gnu-toolchain/bin/../lib/gcc/avr/4.9.2/../../../../avr/lib/avr6\libm.a(divsf3.o)
                              mkuart.o (__divsf3)
c:/program files (x86)/atmel/studio/7.0/toolchain/avr8/avr8-gnu-toolchain/bin/../lib/gcc/avr/4.9.2/../../../../avr/lib/avr6\libm.a(divsf3x.o)
                              c:/program files (x86)/atmel/studio/7.0/toolchain/avr8/avr8-gnu-toolchain/bin/../lib/gcc/avr/4.9.2/../../../../avr/lib/avr6\libm.a(divsf3.o) (__divsf3x)
c:/program files (x86)/atmel/studio/7.0/toolchain/avr8/avr8-gnu-toolchain/bin/../lib/gcc/avr/4.9.2/../../../../avr/lib/avr6\libm.a(exp.o)
                              temperature_control.o (exp)
c:/program files (x86)/atmel/studio/7.0/toolchain/avr8/avr8-gnu-toolchain/bin/../lib/gcc/avr/4.9.2/../../../../avr/lib/avr6\libm.a(fixsfsi.o)
                              mkuart.o (__fixsfsi)
c:/program files (x86)/atmel/studio/7.0/toolchain/avr8/avr8-gnu-toolchain/bin/../lib/gcc/avr/4.9.2/../../../../avr/lib/avr6\libm.a(fixunssfsi.o)
                              mkuart.o (__fixunssfsi)
c:/program files (x86)/atmel/studio/7.0/toolchain/avr8/avr8-gnu-toolchain/bin/../lib/gcc/avr/4.9.2/../../../../avr/lib/avr6\libm.a(floatsisf.o)
                              mkuart.o (__floatunsisf)
c:/program files (x86)/atmel/studio/7.0/toolchain/avr8/avr8-gnu-toolchain/bin/../lib/gcc/avr/4.9.2/../../../../avr/lib/avr6\libm.a(fp_cmp.o)
                              c:/program files (x86)/atmel/studio/7.0/toolchain/avr8/avr8-gnu-toolchain/bin/../lib/gcc/avr/4.9.2/../../../../avr/lib/avr6\libm.a(cmpsf2.o) (__fp_cmp)
c:/program files (x86)/atmel/studio/7.0/toolchain/avr8/avr8-gnu-toolchain/bin/../lib/gcc/avr/4.9.2/../../../../avr/lib/avr6\libm.a(fp_inf.o)
                              c:/program files (x86)/atmel/studio/7.0/toolchain/avr8/avr8-gnu-toolchain/bin/../lib/gcc/avr/4.9.2/../../../../avr/lib/avr6\libm.a(addsf3x.o) (__fp_inf)
c:/program files (x86)/atmel/studio/7.0/toolchain/avr8/avr8-gnu-toolchain/bin/../lib/gcc/avr/4.9.2/../../../../avr/lib/avr6\libm.a(fp_nan.o)
                              c:/program files (x86)/atmel/studio/7.0/toolchain/avr8/avr8-gnu-toolchain/bin/../lib/gcc/avr/4.9.2/../../../../avr/lib/avr6\libm.a(addsf3x.o) (__fp_nan)
c:/program files (x86)/atmel/studio/7.0/toolchain/avr8/avr8-gnu-toolchain/bin/../lib/gcc/avr/4.9.2/../../../../avr/lib/avr6\libm.a(fp_powser.o)
                              c:/program files (x86)/atmel/studio/7.0/toolchain/avr8/avr8-gnu-toolchain/bin/../lib/gcc/avr/4.9.2/../../../../avr/lib/avr6\libm.a(exp.o) (__fp_powser)
c:/program files (x86)/atmel/studio/7.0/toolchain/avr8/avr8-gnu-toolchain/bin/../lib/gcc/avr/4.9.2/../../../../avr/lib/avr6\libm.a(fp_pscA.o)
                              c:/program files (x86)/atmel/studio/7.0/toolchain/avr8/avr8-gnu-toolchain/bin/../lib/gcc/avr/4.9.2/../../../../avr/lib/avr6\libm.a(addsf3x.o) (__fp_pscA)
c:/program files (x86)/atmel/studio/7.0/toolchain/avr8/avr8-gnu-toolchain/bin/../lib/gcc/avr/4.9.2/../../../../avr/lib/avr6\libm.a(fp_pscB.o)
                              c:/program files (x86)/atmel/studio/7.0/toolchain/avr8/avr8-gnu-toolchain/bin/../lib/gcc/avr/4.9.2/../../../../avr/lib/avr6\libm.a(addsf3x.o) (__fp_pscB)
c:/program files (x86)/atmel/studio/7.0/toolchain/avr8/avr8-gnu-toolchain/bin/../lib/gcc/avr/4.9.2/../../../../avr/lib/avr6\libm.a(fp_round.o)
                              c:/program files (x86)/atmel/studio/7.0/toolchain/avr8/avr8-gnu-toolchain/bin/../lib/gcc/avr/4.9.2/../../../../avr/lib/avr6\libm.a(addsf3.o) (__fp_round)
c:/program files (x86)/atmel/studio/7.0/toolchain/avr8/avr8-gnu-toolchain/bin/../lib/gcc/avr/4.9.2/../../../../avr/lib/avr6\libm.a(fp_split3.o)
                              c:/program files (x86)/atmel/studio/7.0/toolchain/avr8/avr8-gnu-toolchain/bin/../lib/gcc/avr/4.9.2/../../../../avr/lib/avr6\libm.a(addsf3x.o) (__fp_split3)
c:/program files (x86)/atmel/studio/7.0/toolchain/avr8/avr8-gnu-toolchain/bin/../lib/gcc/avr/4.9.2/../../../../avr/lib/avr6\libm.a(fp_zero.o)
[...]
Memory Configuration

Name             Origin             Length             Attributes
text             0x00000000         0x00100000         xr
data             0x00800200         0x0000fe00         rw !x
eeprom           0x00810000         0x00010000         rw !x
fuse             0x00820000         0x00000400         rw !x
lock             0x00830000         0x00000400         rw !x
signature        0x00840000         0x00000400         rw !x
user_signatures  0x00850000         0x00000400         rw !x
*default*        0x00000000         0xffffffff

Linker script and memory map

Address of section .data set to 0x800200
LOAD C:/Program Files (x86)/Atmel/Studio/7.0/Packs/atmel/ATmega_DFP/1.0.106/gcc/dev/atmega2560/avr6/crtatmega2560.o
LOAD Configuration.o
LOAD Eeprom.o
LOAD hardware.o
LOAD main.o
LOAD mfrc522.o
LOAD mkuart.o
LOAD modbus.o
LOAD RFID_RC522.o
LOAD softSPI.o
LOAD spi.o
LOAD temperature_control.o
LOAD tensometer.o
START GROUP
LOAD c:/program files (x86)/atmel/studio/7.0/toolchain/avr8/avr8-gnu-toolchain/bin/../lib/gcc/avr/4.9.2/../../../../avr/lib/avr6\libm.a
END GROUP
START GROUP
LOAD c:/program files (x86)/atmel/studio/7.0/toolchain/avr8/avr8-gnu-toolchain/bin/../lib/gcc/avr/4.9.2/avr6\libgcc.a
LOAD c:/program files (x86)/atmel/studio/7.0/toolchain/avr8/avr8-gnu-toolchain/bin/../lib/gcc/avr/4.9.2/../../../../avr/lib/avr6\libm.a
LOAD c:/program files (x86)/atmel/studio/7.0/toolchain/avr8/avr8-gnu-toolchain/bin/../lib/gcc/avr/4.9.2/../../../../avr/lib/avr6\libc.a
LOAD C:/Program Files (x86)/Atmel/Studio/7.0/Packs/atmel/ATmega_DFP/1.0.106/gcc/dev/atmega2560/avr6\libatmega2560.a
END GROUP
                0x00100000                __TEXT_REGION_LENGTH__ = DEFINED (__TEXT_REGION_LENGTH__)?__TEXT_REGION_LENGTH__:0x100000
                0x0000fe00                __DATA_REGION_LENGTH__ = DEFINED (__DATA_REGION_LENGTH__)?__DATA_REGION_LENGTH__:0xfe00
                0x00010000                __EEPROM_REGION_LENGTH__ = DEFINED (__EEPROM_REGION_LENGTH__)?__EEPROM_REGION_LENGTH__:0x10000
                0x00000400                __FUSE_REGION_LENGTH__ = DEFINED (__FUSE_REGION_LENGTH__)?__FUSE_REGION_LENGTH__:0x400
                0x00000400                __LOCK_REGION_LENGTH__ = DEFINED (__LOCK_REGION_LENGTH__)?__LOCK_REGION_LENGTH__:0x400
                0x00000400                __SIGNATURE_REGION_LENGTH__ = DEFINED (__SIGNATURE_REGION_LENGTH__)?__SIGNATURE_REGION_LENGTH__:0x400
                0x00000400                __USER_SIGNATURE_REGION_LENGTH__ = DEFINED (__USER_SIGNATURE_REGION_LENGTH__)?__USER_SIGNATURE_REGION_LENGTH__:0x400

.hash
 *(.hash)

.dynsym
 *(.dynsym)

.dynstr
 *(.dynstr)

.gnu.version
 *(.gnu.version)

.gnu.version_d
 *(.gnu.version_d)

.gnu.version_r
 *(.gnu.version_r)

.rel.init
 *(.rel.init)

.rela.init
 *(.rela.init)

.rel.text
 *(.rel.text)
 *(.rel.text.*)
 *(.rel.gnu.linkonce.t*)

.rela.text
 *(.rela.text)
 *(.rela.text.*)
 *(.rela.gnu.linkonce.t*)

.rel.fini
 *(.rel.fini)

.rela.fini
 *(.rela.fini)

.rel.rodata
 *(.rel.rodata)
 *(.rel.rodata.*)
 *(.rel.gnu.linkonce.r*)

.rela.rodata
 *(.rela.rodata)
 *(.rela.rodata.*)
 *(.rela.gnu.linkonce.r*)

.rel.data
 *(.rel.data)
 *(.rel.data.*)
 *(.rel.gnu.linkonce.d*)

.rela.data
 *(.rela.data)
 *(.rela.data.*)
 *(.rela.gnu.linkonce.d*)

.rel.ctors
 *(.rel.ctors)

.rela.ctors
 *(.rela.ctors)

.rel.dtors
 *(.rel.dtors)

.rela.dtors
 *(.rela.dtors)

.rel.got
 *(.rel.got)

.rela.got
 *(.rela.got)

.rel.bss
 *(.rel.bss)

.rela.bss
 *(.rela.bss)

.rel.plt
 *(.rel.plt)

.rela.plt
 *(.rela.plt)

.text           0x00000000     0x56ec
 *(.vectors)
 .vectors       0x00000000       0xe4 C:/Program Files (x86)/Atmel/Studio/7.0/Packs/atmel/ATmega_DFP/1.0.106/gcc/dev/atmega2560/avr6/crtatmega2560.o
                0x00000000                __vector_default
                0x00000000                __vectors
 *(.vectors)
 *(.progmem.gcc*)
 .progmem.gcc_sw_table.parse_uart_data
                0x000000e4       0x20 modbus.o
                0x00000104                . = ALIGN (0x2)
                0x00000104                __trampolines_start = .
 *(.trampolines)
 .trampolines   0x00000104        0x0 linker stubs
 *(.trampolines*)
                0x00000104                __trampolines_end = .
 *libprintf_flt.a:*(.progmem.data)
 *libc.a:*(.progmem.data)
 *(.progmem*)
                0x00000104                . = ALIGN (0x2)
 *(.jumptables)
 *(.jumptables*)
 *(.lowtext)
 *(.lowtext*)
                0x00000104                __ctors_start = .
 *(.ctors)
                0x00000104                __ctors_end = .
                0x00000104                __dtors_start = .
 *(.dtors)
                0x00000104                __dtors_end = .
 SORT(*)(.ctors)
 SORT(*)(.dtors)
 *(.init0)
 .init0         0x00000104        0x0 C:/Program Files (x86)/Atmel/Studio/7.0/Packs/atmel/ATmega_DFP/1.0.106/gcc/dev/atmega2560/avr6/crtatmega2560.o
                0x00000104                __init
 *(.init0)
 *(.init1)
 *(.init1)
 *(.init2)
 .init2         0x00000104       0x10 C:/Program Files (x86)/Atmel/Studio/7.0/Packs/atmel/ATmega_DFP/1.0.106/gcc/dev/atmega2560/avr6/crtatmega2560.o
 *(.init2)
 *(.init3)
 *(.init3)
 *(.init4)
 .init4         0x00000114       0x1a c:/program files (x86)/atmel/studio/7.0/toolchain/avr8/avr8-gnu-toolchain/bin/../lib/gcc/avr/4.9.2/avr6\libgcc.a(_copy_data.o)
                0x00000114                __do_copy_data
 .init4         0x0000012e       0x10 c:/program files (x86)/atmel/studio/7.0/toolchain/avr8/avr8-gnu-toolchain/bin/../lib/gcc/avr/4.9.2/avr6\libgcc.a(_clear_bss.o)
                0x0000012e                __do_clear_bss
 *(.init4)
 *(.init5)
 *(.init5)
 *(.init6)
 *(.init6)
 *(.init7)
 *(.init7)
 *(.init8)
 *(.init8)
 *(.init9)
 .init9         0x0000013e        0x6 C:/Program Files (x86)/Atmel/Studio/7.0/Packs/atmel/ATmega_DFP/1.0.106/gcc/dev/atmega2560/avr6/crtatmega2560.o
 *(.init9)
 *(.text)
 .text          0x00000144        0x2 C:/Program Files (x86)/Atmel/Studio/7.0/Packs/atmel/ATmega_DFP/1.0.106/gcc/dev/atmega2560/avr6/crtatmega2560.o
                0x00000144                __vector_38
                0x00000144                __vector_22
                0x00000144                __vector_28
                0x00000144                __vector_1
                0x00000144                __vector_32
                0x00000144                __vector_34
                0x00000144                __vector_24
                0x00000144                __vector_12
                0x00000144                __vector_55
                0x00000144                __vector_46
                0x00000144                __bad_interrupt
                0x00000144                __vector_6
                0x00000144                __vector_31
                0x00000144                __vector_35
                0x00000144                __vector_39
                0x00000144                __vector_3
                0x00000144                __vector_23
                0x00000144                __vector_30
                0x00000144                __vector_45
                0x00000144                __vector_25
                0x00000144                __vector_11
                0x00000144                __vector_54
                0x00000144                __vector_13
                0x00000144                __vector_19
                0x00000144                __vector_56
                0x00000144                __vector_7
                0x00000144                __vector_49
                0x00000144                __vector_41
                0x00000144                __vector_43
                0x00000144                __vector_27
                0x00000144                __vector_5
                0x00000144                __vector_33
                0x00000144                __vector_47
                0x00000144                __vector_37
                0x00000144                __vector_4
                0x00000144                __vector_44
                0x00000144                __vector_9
                0x00000144                __vector_2
                0x00000144                __vector_15
                0x00000144                __vector_36
                0x00000144                __vector_40
                0x00000144                __vector_8
                0x00000144                __vector_26
                0x00000144                __vector_48
                0x00000144                __vector_14
                0x00000144                __vector_53
                0x00000144                __vector_10
                0x00000144                __vector_50
                0x00000144                __vector_16
                0x00000144                __vector_18
                0x00000144                __vector_20
                0x00000144                __vector_42
                0x00000146                . = ALIGN (0x2)
 *(.text.*)
 .text.init     0x00000146       0x32 Configuration.o
                0x00000146                init
 .text.Pin_init
                0x00000178        0xe hardware.o
                0x00000178                Pin_init
 .text.set_default_pins
                0x00000186      0x142 hardware.o
                0x00000186                set_default_pins
 .text.Timer0_init
                0x000002c8       0x4e hardware.o
                0x000002c8                Timer0_init
 .text.Timer1_init
                0x00000316       0x4a hardware.o
                0x00000316                Timer1_init
 .text.__vector_17
                0x00000360       0xe0 hardware.o
                0x00000360                __vector_17
 .text.__vector_21
                0x00000440      0x2c0 hardware.o
                0x00000440                __vector_21
 .text.__vector_29
                0x00000700      0x1b6 hardware.o
                0x00000700                __vector_29
 .text.main     0x000008b6       0x48 main.o
                0x000008b6                main
 .text.register_uart_str_rx_event_callback
                0x000008fe       0x26 mkuart.o
                0x000008fe                register_uart_str_rx_event_callback
 .text.UART_RX_STR_EVENT
                0x00000924       0x4e mkuart.o
                0x00000924                UART_RX_STR_EVENT
 .text.ascii_to_int
                0x00000972       0x42 mkuart.o
                0x00000972                ascii_to_int
 .text.int_to_ascii
                0x000009b4       0x36 mkuart.o
                0x000009b4                int_to_ascii
 .text.USARTX_Init
                0x000009ea       0x86 mkuart.o
                0x000009ea                USARTX_Init
 .text.uart_putc
                0x00000a70       0x56 mkuart.o
                0x00000a70                uart_putc
 .text.__vector_52
                0x00000ac6       0x8c mkuart.o
                0x00000ac6                __vector_52
 .text.uart_getc
                0x00000b52       0x40 mkuart.o
                0x00000b52                uart_getc
 .text.uart_get_str
                0x00000b92       0xce mkuart.o
                0x00000b92                uart_get_str
 .text.__vector_51
                0x00000c60       0xa0 mkuart.o
                0x00000c60                __vector_51
 .text.calculate_LRC
                0x00000d00       0x56 modbus.o
                0x00000d00                calculate_LRC
 .text.delay_transmision
                0x00000d56       0x70 modbus.o
                0x00000d56                delay_transmision
 .text.mod_send_ascii
                0x00000dc6       0x44 modbus.o
                0x00000dc6                mod_send_ascii
 .text.modbus_puts
                0x00000e0a       0x60 modbus.o
                0x00000e0a                modbus_puts
 .text.mod_write_single_register
                0x00000e6a      0xdc6 modbus.o
                0x00000e6a                mod_write_single_register
 .text.mod_write_multiple_registers
                0x00001c30      0x2b4 modbus.o
                0x00001c30                mod_write_multiple_registers
 .text.get_int16_t_data
                0x00001ee4       0x8c modbus.o
                0x00001ee4                get_int16_t_data
 .text.mod_read_input_register
                0x00001f70     0x1612 modbus.o
                0x00001f70                mod_read_input_register
 .text.parse_uart_data
                0x00003582       0xc8 modbus.o
                0x00003582                parse_uart_data
 .text.MANAGE_TEMPETATURE_EVENT
                0x0000364a       0x26 temperature_control.o
                0x0000364a                MANAGE_TEMPETATURE_EVENT
 .text.disableAllHeater
                0x00003670       0x8a temperature_control.o
                0x00003670                disableAllHeater
 .text.setTargetTemperature
                0x000036fa      0x572 temperature_control.o
                0x000036fa                setTargetTemperature
 .text.initTensometer
                0x00003c6c      0x274 tensometer.o
                0x00003c6c                initTensometer
 .text.offset_calibration
                0x00003ee0      0x5f8 tensometer.o
                0x00003ee0                offset_calibration
 .text.make_tensometer_measure
                0x000044d8      0xcca tensometer.o
                0x000044d8                make_tensometer_measure
 .text.get_roll_weight
                0x000051a2       0x34 tensometer.o
                0x000051a2                get_roll_weight
 .text.avr-libc.fplib
                0x000051d6        0xa c:/program files (x86)/atmel/studio/7.0/toolchain/avr8/avr8-gnu-toolchain/bin/../lib/gcc/avr/4.9.2/../../../../avr/lib/avr6\libm.a(addsf3.o)
                0x000051d6                __subsf3
                0x000051d8                __addsf3
 .text.avr-libc.fplib
                0x000051e0       0xc0 c:/program files (x86)/atmel/studio/7.0/toolchain/avr8/avr8-gnu-toolchain/bin/../lib/gcc/avr/4.9.2/../../../../avr/lib/avr6\libm.a(addsf3x.o)
                0x000051fa                __addsf3x
 .text.avr-libc.fplib
                0x000052a0        0x8 c:/program files (x86)/atmel/studio/7.0/toolchain/avr8/avr8-gnu-toolchain/bin/../lib/gcc/avr/4.9.2/../../../../avr/lib/avr6\libm.a(cmpsf2.o)
                0x000052a0                __nesf2
                0x000052a0                __eqsf2
                0x000052a0                __cmpsf2
                0x000052a0                __ltsf2
                0x000052a0                __lesf2
 .text.avr-libc.fplib
                0x000052a8        0x4 c:/program files (x86)/atmel/studio/7.0/toolchain/avr8/avr8-gnu-toolchain/bin/../lib/gcc/avr/4.9.2/../../../../avr/lib/avr6\libm.a(divsf3.o)
                0x000052a8                __divsf3
 .text.avr-libc.fplib
                0x000052ac       0xcc c:/program files (x86)/atmel/studio/7.0/toolchain/avr8/avr8-gnu-toolchain/bin/../lib/gcc/avr/4.9.2/../../../../avr/lib/avr6\libm.a(divsf3x.o)
                0x000052c2                __divsf3x
                0x000052c6                __divsf3_pse
 .text.avr-libc.fplib
                0x00005378        0xa c:/program files (x86)/atmel/studio/7.0/toolchain/avr8/avr8-gnu-toolchain/bin/../lib/gcc/avr/4.9.2/../../../../avr/lib/avr6\libm.a(fixsfsi.o)
                0x00005378                __fixsfsi
 .text.avr-libc.fplib
                0x00005382       0x58 c:/program files (x86)/atmel/studio/7.0/toolchain/avr8/avr8-gnu-toolchain/bin/../lib/gcc/avr/4.9.2/../../../../avr/lib/avr6\libm.a(fixunssfsi.o)
                0x00005382                __fixunssfsi
 .text.avr-libc.fplib
                0x000053da       0x7a c:/program files (x86)/atmel/studio/7.0/toolchain/avr8/avr8-gnu-toolchain/bin/../lib/gcc/avr/4.9.2/../../../../avr/lib/avr6\libm.a(floatsisf.o)
                0x000053da                __floatunsisf
                0x000053de                __floatsisf
 .text.avr-libc.fplib
                0x00005454       0x48 c:/program files (x86)/atmel/studio/7.0/toolchain/avr8/avr8-gnu-toolchain/bin/../lib/gcc/avr/4.9.2/../../../../avr/lib/avr6\libm.a(fp_cmp.o)
                0x00005454                __fp_cmp
 .text.avr-libc.fplib
                0x0000549c        0xc c:/program files (x86)/atmel/studio/7.0/toolchain/avr8/avr8-gnu-toolchain/bin/../lib/gcc/avr/4.9.2/../../../../avr/lib/avr6\libm.a(fp_inf.o)
                0x0000549c                __fp_inf
 .text.avr-libc.fplib
                0x000054a8        0x6 c:/program files (x86)/atmel/studio/7.0/toolchain/avr8/avr8-gnu-toolchain/bin/../lib/gcc/avr/4.9.2/../../../../avr/lib/avr6\libm.a(fp_nan.o)
                0x000054a8                __fp_nan
 .text.avr-libc.fplib
                0x000054ae        0xe c:/program files (x86)/atmel/studio/7.0/toolchain/avr8/avr8-gnu-toolchain/bin/../lib/gcc/avr/4.9.2/../../../../avr/lib/avr6\libm.a(fp_pscA.o)
                0x000054ae                __fp_pscA
 .text.avr-libc.fplib
                0x000054bc        0xe c:/program files (x86)/atmel/studio/7.0/toolchain/avr8/avr8-gnu-toolchain/bin/../lib/gcc/avr/4.9.2/../../../../avr/lib/avr6\libm.a(fp_pscB.o)
                0x000054bc                __fp_pscB
 .text.avr-libc.fplib
                0x000054ca       0x22 c:/program files (x86)/atmel/studio/7.0/toolchain/avr8/avr8-gnu-toolchain/bin/../lib/gcc/avr/4.9.2/../../../../avr/lib/avr6\libm.a(fp_round.o)
                0x000054ca                __fp_round
 .text.avr-libc.fplib
                0x000054ec       0x44 c:/program files (x86)/atmel/studio/7.0/toolchain/avr8/avr8-gnu-toolchain/bin/../lib/gcc/avr/4.9.2/../../../../avr/lib/avr6\libm.a(fp_split3.o)
                0x000054ec                __fp_split3
                0x000054fc                __fp_splitA
 .text.avr-libc.fplib
                0x00005530        0xe c:/program files (x86)/atmel/studio/7.0/toolchain/avr8/avr8-gnu-toolchain/bin/../lib/gcc/avr/4.9.2/../../../../avr/lib/avr6\libm.a(fp_zero.o)
                0x00005530                __fp_zero
                0x00005532                __fp_szero
 .text.avr-libc.fplib
                0x0000553e        0x8 c:/program files (x86)/atmel/studio/7.0/toolchain/avr8/avr8-gnu-toolchain/bin/../lib/gcc/avr/4.9.2/../../../../avr/lib/avr6\libm.a(gesf2.o)
                0x0000553e                __gesf2
                0x0000553e                __gtsf2
 .text.avr-libc.fplib
                0x00005546        0x4 c:/program files (x86)/atmel/studio/7.0/toolchain/avr8/avr8-gnu-toolchain/bin/../lib/gcc/avr/4.9.2/../../../../avr/lib/avr6\libm.a(mulsf3.o)
                0x00005546                __mulsf3
 .text.avr-libc.fplib
                0x0000554a       0xc2 c:/program files (x86)/atmel/studio/7.0/toolchain/avr8/avr8-gnu-toolchain/bin/../lib/gcc/avr/4.9.2/../../../../avr/lib/avr6\libm.a(mulsf3x.o)
                0x0000555e                __mulsf3x
                0x00005562                __mulsf3_pse
 .text.libgcc.mul
                0x0000560c       0x1e c:/program files (x86)/atmel/studio/7.0/toolchain/avr8/avr8-gnu-toolchain/bin/../lib/gcc/avr/4.9.2/avr6\libgcc.a(_mulsi3.o)
                0x0000560c                __mulsi3
 .text.libgcc.div
                0x0000562a       0x44 c:/program files (x86)/atmel/studio/7.0/toolchain/avr8/avr8-gnu-toolchain/bin/../lib/gcc/avr/4.9.2/avr6\libgcc.a(_udivmodsi4.o)
                0x0000562a                __udivmodsi4
 .text.libgcc.div
                0x0000566e       0x28 c:/program files (x86)/atmel/studio/7.0/toolchain/avr8/avr8-gnu-toolchain/bin/../lib/gcc/avr/4.9.2/avr6\libgcc.a(_divmodsi4.o)
                0x0000566e                __divmodsi4
 .text.libgcc.div
                0x00005696       0x10 c:/program files (x86)/atmel/studio/7.0/toolchain/avr8/avr8-gnu-toolchain/bin/../lib/gcc/avr/4.9.2/avr6\libgcc.a(_negsi2.o)
                0x00005696                __negsi2
 .text.libgcc   0x000056a6       0x10 c:/program files (x86)/atmel/studio/7.0/toolchain/avr8/avr8-gnu-toolchain/bin/../lib/gcc/avr/4.9.2/avr6\libgcc.a(_tablejump2.o)
                0x000056a6                __tablejump2__
 .text.libgcc.mul
                0x000056b6       0x14 c:/program files (x86)/atmel/studio/7.0/toolchain/avr8/avr8-gnu-toolchain/bin/../lib/gcc/avr/4.9.2/avr6\libgcc.a(_muluhisi3.o)
                0x000056b6                __muluhisi3
 .text.libgcc.mul
                0x000056ca       0x1e c:/program files (x86)/atmel/studio/7.0/toolchain/avr8/avr8-gnu-toolchain/bin/../lib/gcc/avr/4.9.2/avr6\libgcc.a(_umulhisi3.o)
                0x000056ca                __umulhisi3
                0x000056e8                . = ALIGN (0x2)
 *(.fini9)
 .fini9         0x000056e8        0x0 c:/program files (x86)/atmel/studio/7.0/toolchain/avr8/avr8-gnu-toolchain/bin/../lib/gcc/avr/4.9.2/avr6\libgcc.a(_exit.o)
                0x000056e8                _exit
                0x000056e8                exit
 *(.fini9)
 *(.fini8)
 *(.fini8)
 *(.fini7)
 *(.fini7)
 *(.fini6)
 *(.fini6)
 *(.fini5)
 *(.fini5)
 *(.fini4)
 *(.fini4)
 *(.fini3)
 *(.fini3)
 *(.fini2)
 *(.fini2)
 *(.fini1)
 *(.fini1)
 *(.fini0)
 .fini0         0x000056e8        0x4 c:/program files (x86)/atmel/studio/7.0/toolchain/avr8/avr8-gnu-toolchain/bin/../lib/gcc/avr/4.9.2/avr6\libgcc.a(_exit.o)
 *(.fini0)
                0x000056ec                _etext = .

.data           0x00800200      0x594 load address 0x000056ec
                0x00800200                PROVIDE (__data_start, .)
 *(.data)
 *(.data*)
 .data.baudrate
                0x00800200        0x4 main.o
                0x00800200                baudrate
 .data.autotuneIndex
                0x00800204        0x1 temperature_control.o
                0x00800204                autotuneIndex
 *(.rodata)
 *(.rodata*)
 .rodata.temptable_1
                0x00800205       0x70 temperature_control.o
                0x00800205                temptable_1
 .rodata.temptable_2
                0x00800275       0x54 temperature_control.o
                0x00800275                temptable_2
 .rodata.temptable_3
                0x008002c9       0x70 temperature_control.o
                0x008002c9                temptable_3
 .rodata.temptable_4
                0x00800339       0x50 temperature_control.o
                0x00800339                temptable_4
 .rodata.temptable_8
                0x00800389       0x88 temperature_control.o
                0x00800389                temptable_8
 .rodata.temptable_9
                0x00800411      0x10c temperature_control.o
                0x00800411                temptable_9
 .rodata.temptable_10
                0x0080051d       0x50 temperature_control.o
                0x0080051d                temptable_10
 .rodata.temptable_11
                0x0080056d       0x7c temperature_control.o
                0x0080056d                temptable_11
 .rodata.temptable_12
                0x008005e9       0x7c temperature_control.o
                0x008005e9                temptable_12
 .rodata.temptable_13
                0x00800665       0x4c temperature_control.o
                0x00800665                temptable_13
 .rodata.temptable_14
                0x008006b1       0xb8 temperature_control.o
                0x008006b1                temptable_14
 .rodata.temptables
                0x00800769       0x1c temperature_control.o
                0x00800769                temptables
 .rodata.temptables_num
                0x00800785        0xe temperature_control.o
                0x00800785                temptables_num
 *(.gnu.linkonce.d*)
                0x00800794                . = ALIGN (0x2)
 *fill*         0x00800793        0x1 
                0x00800794                _edata = .
                0x00800794                PROVIDE (__data_end, .)

.bss            0x00800794      0x3dc
                0x00800794                PROVIDE (__bss_start, .)
 *(.bss)
 *(.bss*)
 .bss.millis    0x00800794        0x4 hardware.o
                0x00800794                millis
 .bss.Door_move_timer
                0x00800798        0x2 hardware.o
                0x00800798                Door_move_timer
 .bss.Door_delay_timer
                0x0080079a        0x2 hardware.o
                0x0080079a                Door_delay_timer
 .bss.Filament_measure_timer
                0x0080079c        0x2 hardware.o
                0x0080079c                Filament_measure_timer
 .bss.door_status
                0x0080079e        0x1 hardware.o
                0x0080079e                door_status
 .bss.osAnalogInputPos
                0x0080079f        0x1 hardware.o
                0x0080079f                osAnalogInputPos
 .bss.pwm_count_heater.1739
                0x008007a0        0x1 hardware.o
 .bss.pwm_pos_set.1740
                0x008007a1        0x6 hardware.o
 .bss.pwm_count_cooler.1738
                0x008007a7        0x1 hardware.o
 .bss.pwm_cooler_pos_set.1741
                0x008007a8        0x2 hardware.o
 .bss.uart_rx_str_event_callback
                0x008007aa        0x2 mkuart.o
 .bss.autotune  0x008007ac        0x1 modbus.o
                0x008007ac                autotune
 .bss.PIDTune_status
                0x008007ad        0x2 temperature_control.o
                0x008007ad                PIDTune_status
 .bss.temperature_event_callback
                0x008007af        0x2 temperature_control.o
 .bss.input_mux.1644
                0x008007b1        0x1 tensometer.o
 *(COMMON)
 COMMON         0x008007b2        0x7 Configuration.o
                0x008007b2                pwm_pos
 COMMON         0x008007b9       0x23 hardware.o
                0x008007b9                osAnalogInputCounter
                0x008007c0                osAnalogInputValues
                0x008007ce                osAnalogInputBuildup
 COMMON         0x008007dc       0xd7 mkuart.o
                0x008007dc                UART_TxHead
                0x008007dd                new_line
                0x008007de                PrzetworzonaRamka
                0x008007f0                UART_TxTail
                0x008007f1                UART_TxBuf
                0x00800871                UART_RxHead
                0x00800872                UART_RxTail
                0x00800873                UART_RxBuf
 COMMON         0x008008b3       0x40 modbus.o
                0x008008b3                bufor
 COMMON         0x008008f3      0x25f temperature_control.o
                0x008008f3                tempController
                0x00800ac1                fan
                0x00800ac7                temptable_generic1
                0x00800b4b                autotunepidtable
 COMMON         0x00800b52       0x1e tensometer.o
                0x00800b52                tensometer
                0x00800b70                PROVIDE (__bss_end, .)
                0x000056ec                __data_load_start = LOADADDR (.data)
                0x00005c80                __data_load_end = (__data_load_start + SIZEOF (.data))

.noinit         0x00800b70        0x0
                [!provide]                PROVIDE (__noinit_start, .)
 *(.noinit*)
                [!provide]                PROVIDE (__noinit_end, .)
                0x00800b70                _end = .
                [!provide]                PROVIDE (__heap_start, .)

.eeprom         0x00810000        0x0
 *(.eeprom*)
                0x00810000                __eeprom_end = .

.fuse
 *(.fuse)
 *(.lfuse)
 *(.hfuse)
 *(.efuse)

.lock
 *(.lock*)

.signature
 *(.signature*)

.user_signatures
 *(.user_signatures*)

.stab
 *(.stab)

.stabstr
 *(.stabstr)

.stab.excl
 *(.stab.excl)

.stab.exclstr
 *(.stab.exclstr)

.stab.index
 *(.stab.index)

.stab.indexstr
 *(.stab.indexstr)

.comment        0x00000000       0x30
 *(.comment)
 .comment       0x00000000       0x30 Configuration.o
                                 0x31 (size before relaxing)
 .comment       0x00000030       0x31 hardware.o
 .comment       0x00000030       0x31 main.o
 .comment       0x00000030       0x31 mkuart.o
 .comment       0x00000030       0x31 modbus.o
 .comment       0x00000030       0x31 temperature_control.o
 .comment       0x00000030       0x31 tensometer.o

.note.gnu.avr.deviceinfo
                0x00000000       0x40
 .note.gnu.avr.deviceinfo
                0x00000000       0x40 C:/Program Files (x86)/Atmel/Studio/7.0/Packs/atmel/ATmega_DFP/1.0.106/gcc/dev/atmega2560/avr6/crtatmega2560.o

.note.gnu.build-id
 *(.note.gnu.build-id)

.debug
 *(.debug)

.line
 *(.line)

.debug_srcinfo
 *(.debug_srcinfo)

.debug_sfnames
 *(.debug_sfnames)

.debug_aranges  0x00000000      0x248
 *(.debug_aranges)
 .debug_aranges
                0x00000000       0x20 Configuration.o
 .debug_aranges
                0x00000020       0x58 hardware.o
 .debug_aranges
                0x00000078       0x20 main.o
 .debug_aranges
                0x00000098       0x90 mkuart.o
 .debug_aranges
                0x00000128       0x78 modbus.o
 .debug_aranges
                0x000001a0       0x70 temperature_control.o
 .debug_aranges
                0x00000210       0x38 tensometer.o

.debug_pubnames
 *(.debug_pubnames)

.debug_info     0x00000000     0x2e4e
 *(.debug_info .gnu.linkonce.wi.*)
 .debug_info    0x00000000       0xda Configuration.o
 .debug_info    0x000000da      0x4df hardware.o
 .debug_info    0x000005b9      0x13b main.o
 .debug_info    0x000006f4      0x643 mkuart.o
 .debug_info    0x00000d37      0x7e3 modbus.o
 .debug_info    0x0000151a      0xff8 temperature_control.o
 .debug_info    0x00002512      0x93c tensometer.o

.debug_abbrev   0x00000000      0xa2f
 *(.debug_abbrev)
 .debug_abbrev  0x00000000       0x9b Configuration.o
 .debug_abbrev  0x0000009b      0x130 hardware.o
 .debug_abbrev  0x000001cb       0xb3 main.o
 .debug_abbrev  0x0000027e      0x1df mkuart.o
 .debug_abbrev  0x0000045d      0x1dd modbus.o
 .debug_abbrev  0x0000063a      0x258 temperature_control.o
 .debug_abbrev  0x00000892      0x19d tensometer.o

.debug_line     0x00000000     0x2ab8
 *(.debug_line .debug_line.* .debug_line_end)
 .debug_line    0x00000000       0xfb Configuration.o
 .debug_line    0x000000fb      0x467 hardware.o
 .debug_line    0x00000562      0x10b main.o
 .debug_line    0x0000066d      0x523 mkuart.o
 .debug_line    0x00000b90      0xd30 modbus.o
 .debug_line    0x000018c0      0xad6 temperature_control.o
 .debug_line    0x00002396      0x722 tensometer.o

.debug_frame    0x00000000      0x984
 *(.debug_frame)
 .debug_frame   0x00000000       0x34 Configuration.o
 .debug_frame   0x00000034      0x190 hardware.o
 .debug_frame   0x000001c4       0x34 main.o
 .debug_frame   0x000001f8      0x280 mkuart.o
 .debug_frame   0x00000478      0x1c4 modbus.o
 .debug_frame   0x0000063c      0x29c temperature_control.o
 .debug_frame   0x000008d8       0xac tensometer.o

.debug_str      0x00000000      0xc79
 *(.debug_str)
 .debug_str     0x00000000      0x18d Configuration.o
                                0x1d1 (size before relaxing)
 .debug_str     0x0000018d      0x2e3 hardware.o
                                0x4ae (size before relaxing)
 .debug_str     0x00000470       0x20 main.o
                                0x1f1 (size before relaxing)
 .debug_str     0x00000490      0x20f mkuart.o
                                0x3d2 (size before relaxing)
 .debug_str     0x0000069f      0x257 modbus.o
                                0x5cf (size before relaxing)
 .debug_str     0x000008f6      0x2ce temperature_control.o
                                0x6ec (size before relaxing)
 .debug_str     0x00000bc4       0xb5 tensometer.o
                                0x2ee (size before relaxing)

.debug_loc      0x00000000     0x141c
 *(.debug_loc)
 .debug_loc     0x00000000       0x3b Configuration.o
 .debug_loc     0x0000003b      0x337 hardware.o
 .debug_loc     0x00000372       0x3b main.o
 .debug_loc     0x000003ad      0x55e mkuart.o
 .debug_loc     0x0000090b      0x3c4 modbus.o
 .debug_loc     0x00000ccf      0x5fa temperature_control.o
 .debug_loc     0x000012c9      0x153 tensometer.o

.debug_macinfo
 *(.debug_macinfo)

.debug_weaknames
 *(.debug_weaknames)

.debug_funcnames
 *(.debug_funcnames)

.debug_typenames
 *(.debug_typenames)

.debug_varnames
 *(.debug_varnames)

.debug_pubtypes
 *(.debug_pubtypes)

.debug_ranges   0x00000000      0x1d8
 *(.debug_ranges)
 .debug_ranges  0x00000000       0x10 Configuration.o
 .debug_ranges  0x00000010       0x48 hardware.o
 .debug_ranges  0x00000058       0x10 main.o
 .debug_ranges  0x00000068       0x80 mkuart.o
 .debug_ranges  0x000000e8       0x68 modbus.o
 .debug_ranges  0x00000150       0x60 temperature_control.o
 .debug_ranges  0x000001b0       0x28 tensometer.o

.debug_macro
 *(.debug_macro)
OUTPUT(FilamentBoxBoard.elf elf32-avr)
LOAD linker stubs
