Archive member included to satisfy reference by file (symbol)

c:/program files (x86)/atmel/studio/7.0/toolchain/avr8/avr8-gnu-toolchain/bin/../lib/gcc/avr/4.9.2/../../../../avr/lib/avr6\libm.a(addsf3.o)
                              mkuart.o (__subsf3)
c:/program files (x86)/atmel/studio/7.0/toolchain/avr8/avr8-gnu-toolchain/bin/../lib/gcc/avr/4.9.2/../../../../avr/lib/avr6\libm.a(addsf3x.o)
                              c:/program files (x86)/atmel/studio/7.0/toolchain/avr8/avr8-gnu-toolchain/bin/../lib/gcc/avr/4.9.2/../../../../avr/lib/avr6\libm.a(addsf3.o) (__addsf3x)
c:/program files (x86)/atmel/studio/7.0/toolchain/avr8/avr8-gnu-toolchain/bin/../lib/gcc/avr/4.9.2/../../../../avr/lib/avr6\libm.a(cmpsf2.o)
                              temperature_control.o (__eqsf2)
c:/program files (x86)/atmel/studio/7.0/toolchain/avr8/avr8-gnu-toolchain/bin/../lib/gcc/avr/4.9.2/../../../../avr/lib/avr6\libm.a(divsf3.o)
                              mkuart.o (__divsf3)
c:/program files (x86)/atmel/studio/7.0/toolchain/avr8/avr8-gnu-toolchain/bin/../lib/gcc/avr/4.9.2/../../../../avr/lib/avr6\libm.a(divsf3x.o)
                              c:/program files (x86)/atmel/studio/7.0/toolchain/avr8/avr8-gnu-toolchain/bin/../lib/gcc/avr/4.9.2/../../../../avr/lib/avr6\libm.a(divsf3.o) (__divsf3x)
c:/program files (x86)/atmel/studio/7.0/toolchain/avr8/avr8-gnu-toolchain/bin/../lib/gcc/avr/4.9.2/../../../../avr/lib/avr6\libm.a(exp.o)
                              temperature_control.o (exp)
c:/program files (x86)/atmel/studio/7.0/toolchain/avr8/avr8-gnu-toolchain/bin/../lib/gcc/avr/4.9.2/../../../../avr/lib/avr6\libm.a(fixsfsi.o)
                              mkuart.o (__fixsfsi)
c:/program files (x86)/atmel/studio/7.0/toolchain/avr8/avr8-gnu-toolchain/bin/../lib/gcc/avr/4.9.2/../../../../avr/lib/avr6\libm.a(fixunssfsi.o)
                              mkuart.o (__fixunssfsi)
c:/program files (x86)/atmel/studio/7.0/toolchain/avr8/avr8-gnu-toolchain/bin/../lib/gcc/avr/4.9.2/../../../../avr/lib/avr6\libm.a(floatsisf.o)
                              mkuart.o (__floatunsisf)
c:/program files (x86)/atmel/studio/7.0/toolchain/avr8/avr8-gnu-toolchain/bin/../lib/gcc/avr/4.9.2/../../../../avr/lib/avr6\libm.a(fp_cmp.o)
                              c:/program files (x86)/atmel/studio/7.0/toolchain/avr8/avr8-gnu-toolchain/bin/../lib/gcc/avr/4.9.2/../../../../avr/lib/avr6\libm.a(cmpsf2.o) (__fp_cmp)
c:/program files (x86)/atmel/studio/7.0/toolchain/avr8/avr8-gnu-toolchain/bin/../lib/gcc/avr/4.9.2/../../../../avr/lib/avr6\libm.a(fp_inf.o)
                              c:/program files (x86)/atmel/studio/7.0/toolchain/avr8/avr8-gnu-toolchain/bin/../lib/gcc/avr/4.9.2/../../../../avr/lib/avr6\libm.a(addsf3x.o) (__fp_inf)
c:/program files (x86)/atmel/studio/7.0/toolchain/avr8/avr8-gnu-toolchain/bin/../lib/gcc/avr/4.9.2/../../../../avr/lib/avr6\libm.a(fp_nan.o)
                              c:/program files (x86)/atmel/studio/7.0/toolchain/avr8/avr8-gnu-toolchain/bin/../lib/gcc/avr/4.9.2/../../../../avr/lib/avr6\libm.a(addsf3x.o) (__fp_nan)
c:/program files (x86)/atmel/studio/7.0/toolchain/avr8/avr8-gnu-toolchain/bin/../lib/gcc/avr/4.9.2/../../../../avr/lib/avr6\libm.a(fp_powser.o)
                              c:/program files (x86)/atmel/studio/7.0/toolchain/avr8/avr8-gnu-toolchain/bin/../lib/gcc/avr/4.9.2/../../../../avr/lib/avr6\libm.a(exp.o) (__fp_powser)
c:/program files (x86)/atmel/studio/7.0/toolchain/avr8/avr8-gnu-toolchain/bin/../lib/gcc/avr/4.9.2/../../../../avr/lib/avr6\libm.a(fp_pscA.o)
                              c:/program files (x86)/atmel/studio/7.0/toolchain/avr8/avr8-gnu-toolchain/bin/../lib/gcc/avr/4.9.2/../../../../avr/lib/avr6\libm.a(addsf3x.o) (__fp_pscA)
c:/program files (x86)/atmel/studio/7.0/toolchain/avr8/avr8-gnu-toolchain/bin/../lib/gcc/avr/4.9.2/../../../../avr/lib/avr6\libm.a(fp_pscB.o)
                              c:/program files (x86)/atmel/studio/7.0/toolchain/avr8/avr8-gnu-toolchain/bin/../lib/gcc/avr/4.9.2/../../../../avr/lib/avr6\libm.a(addsf3x.o) (__fp_pscB)
c:/program files (x86)/atmel/studio/7.0/toolchain/avr8/avr8-gnu-toolchain/bin/../lib/gcc/avr/4.9.2/../../../../avr/lib/avr6\libm.a(fp_round.o)
                              c:/program files (x86)/atmel/studio/7.0/toolchain/avr8/avr8-gnu-toolchain/bin/../lib/gcc/avr/4.9.2/../../../../avr/lib/avr6\libm.a(addsf3.o) (__fp_round)
c:/program files (x86)/atmel/studio/7.0/toolchain/avr8/avr8-gnu-toolchain/bin/../lib/gcc/avr/4.9.2/../../../../avr/lib/avr6\libm.a(fp_split3.o)
                              c:/program files (x86)/atmel/studio/7.0/toolchain/avr8/avr8-gnu-toolchain/bin/../lib/gcc/avr/4.9.2/../../../../avr/lib/avr6\libm.a(addsf3x.o) (__fp_split3)
c:/program files (x86)/atmel/studio/7.0/toolchain/avr8/avr8-gnu-toolchain/bin/../lib/gcc/avr/4.9.2/../../../../avr/lib/avr6\libm.a(fp_zero.o)
[...]
Memory Configuration

Name             Origin             Length             Attributes
text             0x00000000         0x00100000         xr
data             0x00800200         0x0000fe00         rw !x
eeprom           0x00810000         0x00010000         rw !x
fuse             0x00820000         0x00000400         rw !x
lock             0x00830000         0x00000400         rw !x
signature        0x00840000         0x00000400         rw !x
user_signatures  0x00850000         0x00000400         rw !x
*default*        0x00000000         0xffffffff

Linker script and memory map

Address of section .data set to 0x800200
LOAD C:/Program Files (x86)/Atmel/Studio/7.0/Packs/atmel/ATmega_DFP/1.0.106/gcc/dev/atmega2560/avr6/crtatmega2560.o
LOAD Configuration.o
LOAD Eeprom.o
LOAD hardware.o
LOAD main.o
LOAD mfrc522.o
LOAD mkuart.o
LOAD modbus.o
LOAD RFID_RC522.o
LOAD softSPI.o
LOAD spi.o
LOAD temperature_control.o
LOAD tensometer.o
START GROUP
LOAD c:/program files (x86)/atmel/studio/7.0/toolchain/avr8/avr8-gnu-toolchain/bin/../lib/gcc/avr/4.9.2/../../../../avr/lib/avr6\libm.a
END GROUP
START GROUP
LOAD c:/program files (x86)/atmel/studio/7.0/toolchain/avr8/avr8-gnu-toolchain/bin/../lib/gcc/avr/4.9.2/avr6\libgcc.a
LOAD c:/program files (x86)/atmel/studio/7.0/toolchain/avr8/avr8-gnu-toolchain/bin/../lib/gcc/avr/4.9.2/../../../../avr/lib/avr6\libm.a
LOAD c:/program files (x86)/atmel/studio/7.0/toolchain/avr8/avr8-gnu-toolchain/bin/../lib/gcc/avr/4.9.2/../../../../avr/lib/avr6\libc.a
LOAD C:/Program Files (x86)/Atmel/Studio/7.0/Packs/atmel/ATmega_DFP/1.0.106/gcc/dev/atmega2560/avr6\libatmega2560.a
END GROUP
                0x00100000                __TEXT_REGION_LENGTH__ = DEFINED (__TEXT_REGION_LENGTH__)?__TEXT_REGION_LENGTH__:0x100000
                0x0000fe00                __DATA_REGION_LENGTH__ = DEFINED (__DATA_REGION_LENGTH__)?__DATA_REGION_LENGTH__:0xfe00
                0x00010000                __EEPROM_REGION_LENGTH__ = DEFINED (__EEPROM_REGION_LENGTH__)?__EEPROM_REGION_LENGTH__:0x10000
                0x00000400                __FUSE_REGION_LENGTH__ = DEFINED (__FUSE_REGION_LENGTH__)?__FUSE_REGION_LENGTH__:0x400
                0x00000400                __LOCK_REGION_LENGTH__ = DEFINED (__LOCK_REGION_LENGTH__)?__LOCK_REGION_LENGTH__:0x400
                0x00000400                __SIGNATURE_REGION_LENGTH__ = DEFINED (__SIGNATURE_REGION_LENGTH__)?__SIGNATURE_REGION_LENGTH__:0x400
                0x00000400                __USER_SIGNATURE_REGION_LENGTH__ = DEFINED (__USER_SIGNATURE_REGION_LENGTH__)?__USER_SIGNATURE_REGION_LENGTH__:0x400

.hash
 *(.hash)

.dynsym
 *(.dynsym)

.dynstr
 *(.dynstr)

.gnu.version
 *(.gnu.version)

.gnu.version_d
 *(.gnu.version_d)

.gnu.version_r
 *(.gnu.version_r)

.rel.init
 *(.rel.init)

.rela.init
 *(.rela.init)

.rel.text
 *(.rel.text)
 *(.rel.text.*)
 *(.rel.gnu.linkonce.t*)

.rela.text
 *(.rela.text)
 *(.rela.text.*)
 *(.rela.gnu.linkonce.t*)

.rel.fini
 *(.rel.fini)

.rela.fini
 *(.rela.fini)

.rel.rodata
 *(.rel.rodata)
 *(.rel.rodata.*)
 *(.rel.gnu.linkonce.r*)

.rela.rodata
 *(.rela.rodata)
 *(.rela.rodata.*)
 *(.rela.gnu.linkonce.r*)

.rel.data
 *(.rel.data)
 *(.rel.data.*)
 *(.rel.gnu.linkonce.d*)

.rela.data
 *(.rela.data)
 *(.rela.data.*)
 *(.rela.gnu.linkonce.d*)

.rel.ctors
 *(.rel.ctors)

.rela.ctors
 *(.rela.ctors)

.rel.dtors
 *(.rel.dtors)

.rela.dtors
 *(.rela.dtors)

.rel.got
 *(.rel.got)

.rela.got
 *(.rela.got)

.rel.bss
 *(.rel.bss)

.rela.bss
 *(.rela.bss)

.rel.plt
 *(.rel.plt)

.rela.plt
 *(.rela.plt)

.text           0x00000000     0x7234
 *(.vectors)
 .vectors       0x00000000       0xe4 C:/Program Files (x86)/Atmel/Studio/7.0/Packs/atmel/ATmega_DFP/1.0.106/gcc/dev/atmega2560/avr6/crtatmega2560.o
                0x00000000                __vector_default
                0x00000000                __vectors
 *(.vectors)
 *(.progmem.gcc*)
 .progmem.gcc_sw_table.parse_uart_data
                0x000000e4       0x20 modbus.o
 .progmem.gcc_sw_table.PICC_GetType
                0x00000104       0x82 RFID_RC522.o
                0x00000186                . = ALIGN (0x2)
                0x00000186                __trampolines_start = .
 *(.trampolines)
 .trampolines   0x00000186        0x0 linker stubs
 *(.trampolines*)
                0x00000186                __trampolines_end = .
 *libprintf_flt.a:*(.progmem.data)
 *libc.a:*(.progmem.data)
 *(.progmem*)
 .progmem.data.temptable_1
                0x00000186       0x70 temperature_control.o
                0x00000186                temptable_1
 .progmem.data.temptable_2
                0x000001f6       0x54 temperature_control.o
                0x000001f6                temptable_2
 .progmem.data.temptable_3
                0x0000024a       0x70 temperature_control.o
                0x0000024a                temptable_3
 .progmem.data.temptable_4
                0x000002ba       0x50 temperature_control.o
                0x000002ba                temptable_4
 .progmem.data.temptable_8
                0x0000030a       0x88 temperature_control.o
                0x0000030a                temptable_8
 .progmem.data.temptable_9
                0x00000392      0x10c temperature_control.o
                0x00000392                temptable_9
 .progmem.data.temptable_10
                0x0000049e       0x50 temperature_control.o
                0x0000049e                temptable_10
 .progmem.data.temptable_11
                0x000004ee       0x7c temperature_control.o
                0x000004ee                temptable_11
 .progmem.data.temptable_12
                0x0000056a       0x7c temperature_control.o
                0x0000056a                temptable_12
 .progmem.data.temptable_13
                0x000005e6       0x4c temperature_control.o
                0x000005e6                temptable_13
 .progmem.data.temptable_14
                0x00000632       0xb8 temperature_control.o
                0x00000632                temptable_14
 .progmem.data.temptables
                0x000006ea       0x1c temperature_control.o
                0x000006ea                temptables
 .progmem.data.temptables_num
                0x00000706        0xe temperature_control.o
                0x00000706                temptables_num
                0x00000714                . = ALIGN (0x2)
 *(.jumptables)
 *(.jumptables*)
 *(.lowtext)
 *(.lowtext*)
                0x00000714                __ctors_start = .
 *(.ctors)
                0x00000714                __ctors_end = .
                0x00000714                __dtors_start = .
 *(.dtors)
                0x00000714                __dtors_end = .
 SORT(*)(.ctors)
 SORT(*)(.dtors)
 *(.init0)
 .init0         0x00000714        0x0 C:/Program Files (x86)/Atmel/Studio/7.0/Packs/atmel/ATmega_DFP/1.0.106/gcc/dev/atmega2560/avr6/crtatmega2560.o
                0x00000714                __init
 *(.init0)
 *(.init1)
 *(.init1)
 *(.init2)
 .init2         0x00000714       0x10 C:/Program Files (x86)/Atmel/Studio/7.0/Packs/atmel/ATmega_DFP/1.0.106/gcc/dev/atmega2560/avr6/crtatmega2560.o
 *(.init2)
 *(.init3)
 *(.init3)
 *(.init4)
 .init4         0x00000724       0x1a c:/program files (x86)/atmel/studio/7.0/toolchain/avr8/avr8-gnu-toolchain/bin/../lib/gcc/avr/4.9.2/avr6\libgcc.a(_copy_data.o)
                0x00000724                __do_copy_data
 .init4         0x0000073e       0x10 c:/program files (x86)/atmel/studio/7.0/toolchain/avr8/avr8-gnu-toolchain/bin/../lib/gcc/avr/4.9.2/avr6\libgcc.a(_clear_bss.o)
                0x0000073e                __do_clear_bss
 *(.init4)
 *(.init5)
 *(.init5)
 *(.init6)
 *(.init6)
 *(.init7)
 *(.init7)
 *(.init8)
 *(.init8)
 *(.init9)
 .init9         0x0000074e        0x6 C:/Program Files (x86)/Atmel/Studio/7.0/Packs/atmel/ATmega_DFP/1.0.106/gcc/dev/atmega2560/avr6/crtatmega2560.o
 *(.init9)
 *(.text)
 .text          0x00000754        0x2 C:/Program Files (x86)/Atmel/Studio/7.0/Packs/atmel/ATmega_DFP/1.0.106/gcc/dev/atmega2560/avr6/crtatmega2560.o
                0x00000754                __vector_38
                0x00000754                __vector_22
                0x00000754                __vector_28
                0x00000754                __vector_1
                0x00000754                __vector_32
                0x00000754                __vector_34
                0x00000754                __vector_24
                0x00000754                __vector_12
                0x00000754                __vector_55
                0x00000754                __vector_46
                0x00000754                __bad_interrupt
                0x00000754                __vector_6
                0x00000754                __vector_31
                0x00000754                __vector_35
                0x00000754                __vector_39
                0x00000754                __vector_3
                0x00000754                __vector_23
                0x00000754                __vector_30
                0x00000754                __vector_45
                0x00000754                __vector_25
                0x00000754                __vector_11
                0x00000754                __vector_54
                0x00000754                __vector_13
                0x00000754                __vector_19
                0x00000754                __vector_56
                0x00000754                __vector_7
                0x00000754                __vector_49
                0x00000754                __vector_41
                0x00000754                __vector_43
                0x00000754                __vector_27
                0x00000754                __vector_5
                0x00000754                __vector_33
                0x00000754                __vector_47
                0x00000754                __vector_37
                0x00000754                __vector_4
                0x00000754                __vector_44
                0x00000754                __vector_9
                0x00000754                __vector_2
                0x00000754                __vector_15
                0x00000754                __vector_36
                0x00000754                __vector_40
                0x00000754                __vector_8
                0x00000754                __vector_26
                0x00000754                __vector_48
                0x00000754                __vector_14
                0x00000754                __vector_53
                0x00000754                __vector_10
                0x00000754                __vector_50
                0x00000754                __vector_16
                0x00000754                __vector_18
                0x00000754                __vector_20
                0x00000754                __vector_42
                0x00000756                . = ALIGN (0x2)
 *(.text.*)
 .text.init     0x00000756       0x32 Configuration.o
                0x00000756                init
 .text.Pin_init
                0x00000788        0xe hardware.o
                0x00000788                Pin_init
 .text.set_default_pins
                0x00000796      0x142 hardware.o
                0x00000796                set_default_pins
 .text.Timer0_init
                0x000008d8       0x4e hardware.o
                0x000008d8                Timer0_init
 .text.Timer1_init
                0x00000926       0x4a hardware.o
                0x00000926                Timer1_init
 .text.__vector_17
                0x00000970       0xe0 hardware.o
                0x00000970                __vector_17
 .text.__vector_21
                0x00000a50      0x2c0 hardware.o
                0x00000a50                __vector_21
 .text.__vector_29
                0x00000d10      0x1b6 hardware.o
                0x00000d10                __vector_29
 .text.main     0x00000ec6       0x5c main.o
                0x00000ec6                main
 .text.register_uart_str_rx_event_callback
                0x00000f22       0x26 mkuart.o
                0x00000f22                register_uart_str_rx_event_callback
 .text.UART_RX_STR_EVENT
                0x00000f48       0x4e mkuart.o
                0x00000f48                UART_RX_STR_EVENT
 .text.ascii_to_int
                0x00000f96       0x42 mkuart.o
                0x00000f96                ascii_to_int
 .text.int_to_ascii
                0x00000fd8       0x36 mkuart.o
                0x00000fd8                int_to_ascii
 .text.USARTX_Init
                0x0000100e       0x86 mkuart.o
                0x0000100e                USARTX_Init
 .text.uart_putc
                0x00001094       0x56 mkuart.o
                0x00001094                uart_putc
 .text.__vector_52
                0x000010ea       0x8c mkuart.o
                0x000010ea                __vector_52
 .text.uart_getc
                0x00001176       0x40 mkuart.o
                0x00001176                uart_getc
 .text.uart_get_str
                0x000011b6       0xce mkuart.o
                0x000011b6                uart_get_str
 .text.__vector_51
                0x00001284       0xa0 mkuart.o
                0x00001284                __vector_51
 .text.calculate_LRC
                0x00001324       0x56 modbus.o
                0x00001324                calculate_LRC
 .text.delay_transmision
                0x0000137a       0x70 modbus.o
                0x0000137a                delay_transmision
 .text.mod_send_ascii
                0x000013ea       0x44 modbus.o
                0x000013ea                mod_send_ascii
 .text.modbus_puts
                0x0000142e       0x60 modbus.o
                0x0000142e                modbus_puts
 .text.mod_write_single_register
                0x0000148e      0xdc6 modbus.o
                0x0000148e                mod_write_single_register
 .text.mod_write_multiple_registers
                0x00002254      0x2b4 modbus.o
                0x00002254                mod_write_multiple_registers
 .text.get_int16_t_data
                0x00002508       0x8c modbus.o
                0x00002508                get_int16_t_data
 .text.mod_read_input_register
                0x00002594     0x1612 modbus.o
                0x00002594                mod_read_input_register
 .text.parse_uart_data
                0x00003ba6       0xc8 modbus.o
                0x00003ba6                parse_uart_data
 .text.handleMFRC522
                0x00003c6e       0xe2 RFID_RC522.o
                0x00003c6e                handleMFRC522
 .text.initMFRC522
                0x00003d50       0x38 RFID_RC522.o
                0x00003d50                initMFRC522
 .text.PCD_WriteRegister
                0x00003d88       0x4c RFID_RC522.o
                0x00003d88                PCD_WriteRegister
 .text.PCD_WriteRegisters
                0x00003dd4       0x7a RFID_RC522.o
                0x00003dd4                PCD_WriteRegisters
 .text.PCD_ReadRegister
                0x00003e4e       0x50 RFID_RC522.o
                0x00003e4e                PCD_ReadRegister
 .text.PCD_ReadRegisters
                0x00003e9e      0x132 RFID_RC522.o
                0x00003e9e                PCD_ReadRegisters
 .text.PCD_SetRegisterBitMask
                0x00003fd0       0x2c RFID_RC522.o
                0x00003fd0                PCD_SetRegisterBitMask
 .text.PCD_ClearRegisterBitMask
                0x00003ffc       0x30 RFID_RC522.o
                0x00003ffc                PCD_ClearRegisterBitMask
 .text.PCD_CalculateCRC
                0x0000402c       0xbc RFID_RC522.o
                0x0000402c                PCD_CalculateCRC
 .text.PCD_Init
                0x000040e8       0x6c RFID_RC522.o
                0x000040e8                PCD_Init
 .text.PCD_Reset
                0x00004154      0x122 RFID_RC522.o
                0x00004154                PCD_Reset
 .text.PCD_AntennaOn
                0x00004276       0x30 RFID_RC522.o
                0x00004276                PCD_AntennaOn
 .text.PCD_TransceiveData
                0x000042a6       0x84 RFID_RC522.o
                0x000042a6                PCD_TransceiveData
 .text.PCD_CommunicateWithPICC
                0x0000432a      0x238 RFID_RC522.o
                0x0000432a                PCD_CommunicateWithPICC
 .text.PICC_RequestA
                0x00004562       0x32 RFID_RC522.o
                0x00004562                PICC_RequestA
 .text.PICC_REQA_or_WUPA
                0x00004594       0xa2 RFID_RC522.o
                0x00004594                PICC_REQA_or_WUPA
 .text.PICC_Select
                0x00004636      0x48a RFID_RC522.o
                0x00004636                PICC_Select
 .text.PCD_Authenticate
                0x00004ac0      0x104 RFID_RC522.o
                0x00004ac0                PCD_Authenticate
 .text.MIFARE_Read
                0x00004bc4       0xa0 RFID_RC522.o
                0x00004bc4                MIFARE_Read
 .text.PICC_GetType
                0x00004c64       0x6e RFID_RC522.o
                0x00004c64                PICC_GetType
 .text.PICC_DumpMifareClassicSectorToSerial
                0x00004cd2      0x390 RFID_RC522.o
                0x00004cd2                PICC_DumpMifareClassicSectorToSerial
 .text.PICC_IsNewCardPresent
                0x00005062       0x44 RFID_RC522.o
                0x00005062                PICC_IsNewCardPresent
 .text.PICC_ReadCardSerial
                0x000050a6       0x26 RFID_RC522.o
                0x000050a6                PICC_ReadCardSerial
 .text.spi_init
                0x000050cc       0x44 spi.o
                0x000050cc                spi_init
 .text.spi_transmit
                0x00005110       0x34 spi.o
                0x00005110                spi_transmit
 .text.MANAGE_TEMPETATURE_EVENT
                0x00005144       0x26 temperature_control.o
                0x00005144                MANAGE_TEMPETATURE_EVENT
 .text.disableAllHeater
                0x0000516a       0x8a temperature_control.o
                0x0000516a                disableAllHeater
 .text.setTargetTemperature
                0x000051f4      0x572 temperature_control.o
                0x000051f4                setTargetTemperature
 .text.initTensometer
                0x00005766      0x274 tensometer.o
                0x00005766                initTensometer
 .text.offset_calibration
                0x000059da      0x5f8 tensometer.o
                0x000059da                offset_calibration
 .text.make_tensometer_measure
                0x00005fd2      0xcca tensometer.o
                0x00005fd2                make_tensometer_measure
 .text.get_roll_weight
                0x00006c9c       0x34 tensometer.o
                0x00006c9c                get_roll_weight
 .text.avr-libc.fplib
                0x00006cd0        0xa c:/program files (x86)/atmel/studio/7.0/toolchain/avr8/avr8-gnu-toolchain/bin/../lib/gcc/avr/4.9.2/../../../../avr/lib/avr6\libm.a(addsf3.o)
                0x00006cd0                __subsf3
                0x00006cd2                __addsf3
 .text.avr-libc.fplib
                0x00006cda       0xc0 c:/program files (x86)/atmel/studio/7.0/toolchain/avr8/avr8-gnu-toolchain/bin/../lib/gcc/avr/4.9.2/../../../../avr/lib/avr6\libm.a(addsf3x.o)
                0x00006cf4                __addsf3x
 .text.avr-libc.fplib
                0x00006d9a        0x8 c:/program files (x86)/atmel/studio/7.0/toolchain/avr8/avr8-gnu-toolchain/bin/../lib/gcc/avr/4.9.2/../../../../avr/lib/avr6\libm.a(cmpsf2.o)
                0x00006d9a                __nesf2
                0x00006d9a                __eqsf2
                0x00006d9a                __cmpsf2
                0x00006d9a                __ltsf2
                0x00006d9a                __lesf2
 .text.avr-libc.fplib
                0x00006da2        0x4 c:/program files (x86)/atmel/studio/7.0/toolchain/avr8/avr8-gnu-toolchain/bin/../lib/gcc/avr/4.9.2/../../../../avr/lib/avr6\libm.a(divsf3.o)
                0x00006da2                __divsf3
 .text.avr-libc.fplib
                0x00006da6       0xcc c:/program files (x86)/atmel/studio/7.0/toolchain/avr8/avr8-gnu-toolchain/bin/../lib/gcc/avr/4.9.2/../../../../avr/lib/avr6\libm.a(divsf3x.o)
                0x00006dbc                __divsf3x
                0x00006dc0                __divsf3_pse
 .text.avr-libc.fplib
                0x00006e72        0xa c:/program files (x86)/atmel/studio/7.0/toolchain/avr8/avr8-gnu-toolchain/bin/../lib/gcc/avr/4.9.2/../../../../avr/lib/avr6\libm.a(fixsfsi.o)
                0x00006e72                __fixsfsi
 .text.avr-libc.fplib
                0x00006e7c       0x58 c:/program files (x86)/atmel/studio/7.0/toolchain/avr8/avr8-gnu-toolchain/bin/../lib/gcc/avr/4.9.2/../../../../avr/lib/avr6\libm.a(fixunssfsi.o)
                0x00006e7c                __fixunssfsi
 .text.avr-libc.fplib
                0x00006ed4       0x7a c:/program files (x86)/atmel/studio/7.0/toolchain/avr8/avr8-gnu-toolchain/bin/../lib/gcc/avr/4.9.2/../../../../avr/lib/avr6\libm.a(floatsisf.o)
                0x00006ed4                __floatunsisf
                0x00006ed8                __floatsisf
 .text.avr-libc.fplib
                0x00006f4e       0x48 c:/program files (x86)/atmel/studio/7.0/toolchain/avr8/avr8-gnu-toolchain/bin/../lib/gcc/avr/4.9.2/../../../../avr/lib/avr6\libm.a(fp_cmp.o)
                0x00006f4e                __fp_cmp
 .text.avr-libc.fplib
                0x00006f96        0xc c:/program files (x86)/atmel/studio/7.0/toolchain/avr8/avr8-gnu-toolchain/bin/../lib/gcc/avr/4.9.2/../../../../avr/lib/avr6\libm.a(fp_inf.o)
                0x00006f96                __fp_inf
 .text.avr-libc.fplib
                0x00006fa2        0x6 c:/program files (x86)/atmel/studio/7.0/toolchain/avr8/avr8-gnu-toolchain/bin/../lib/gcc/avr/4.9.2/../../../../avr/lib/avr6\libm.a(fp_nan.o)
                0x00006fa2                __fp_nan
 .text.avr-libc.fplib
                0x00006fa8        0xe c:/program files (x86)/atmel/studio/7.0/toolchain/avr8/avr8-gnu-toolchain/bin/../lib/gcc/avr/4.9.2/../../../../avr/lib/avr6\libm.a(fp_pscA.o)
                0x00006fa8                __fp_pscA
 .text.avr-libc.fplib
                0x00006fb6        0xe c:/program files (x86)/atmel/studio/7.0/toolchain/avr8/avr8-gnu-toolchain/bin/../lib/gcc/avr/4.9.2/../../../../avr/lib/avr6\libm.a(fp_pscB.o)
                0x00006fb6                __fp_pscB
 .text.avr-libc.fplib
                0x00006fc4       0x22 c:/program files (x86)/atmel/studio/7.0/toolchain/avr8/avr8-gnu-toolchain/bin/../lib/gcc/avr/4.9.2/../../../../avr/lib/avr6\libm.a(fp_round.o)
                0x00006fc4                __fp_round
 .text.avr-libc.fplib
                0x00006fe6       0x44 c:/program files (x86)/atmel/studio/7.0/toolchain/avr8/avr8-gnu-toolchain/bin/../lib/gcc/avr/4.9.2/../../../../avr/lib/avr6\libm.a(fp_split3.o)
                0x00006fe6                __fp_split3
                0x00006ff6                __fp_splitA
 .text.avr-libc.fplib
                0x0000702a        0xe c:/program files (x86)/atmel/studio/7.0/toolchain/avr8/avr8-gnu-toolchain/bin/../lib/gcc/avr/4.9.2/../../../../avr/lib/avr6\libm.a(fp_zero.o)
                0x0000702a                __fp_zero
                0x0000702c                __fp_szero
 .text.avr-libc.fplib
                0x00007038        0x8 c:/program files (x86)/atmel/studio/7.0/toolchain/avr8/avr8-gnu-toolchain/bin/../lib/gcc/avr/4.9.2/../../../../avr/lib/avr6\libm.a(gesf2.o)
                0x00007038                __gesf2
                0x00007038                __gtsf2
 .text.avr-libc.fplib
                0x00007040        0x4 c:/program files (x86)/atmel/studio/7.0/toolchain/avr8/avr8-gnu-toolchain/bin/../lib/gcc/avr/4.9.2/../../../../avr/lib/avr6\libm.a(mulsf3.o)
                0x00007040                __mulsf3
 .text.avr-libc.fplib
                0x00007044       0xc2 c:/program files (x86)/atmel/studio/7.0/toolchain/avr8/avr8-gnu-toolchain/bin/../lib/gcc/avr/4.9.2/../../../../avr/lib/avr6\libm.a(mulsf3x.o)
                0x00007058                __mulsf3x
                0x0000705c                __mulsf3_pse
 .text.libgcc.mul
                0x00007106       0x1e c:/program files (x86)/atmel/studio/7.0/toolchain/avr8/avr8-gnu-toolchain/bin/../lib/gcc/avr/4.9.2/avr6\libgcc.a(_mulsi3.o)
                0x00007106                __mulsi3
 .text.libgcc.div
                0x00007124       0x26 c:/program files (x86)/atmel/studio/7.0/toolchain/avr8/avr8-gnu-toolchain/bin/../lib/gcc/avr/4.9.2/avr6\libgcc.a(_divmodhi4.o)
                0x00007124                _div
                0x00007124                __divmodhi4
 .text.libgcc.div
                0x0000714a       0x44 c:/program files (x86)/atmel/studio/7.0/toolchain/avr8/avr8-gnu-toolchain/bin/../lib/gcc/avr/4.9.2/avr6\libgcc.a(_udivmodsi4.o)
                0x0000714a                __udivmodsi4
 .text.libgcc.div
                0x0000718e       0x28 c:/program files (x86)/atmel/studio/7.0/toolchain/avr8/avr8-gnu-toolchain/bin/../lib/gcc/avr/4.9.2/avr6\libgcc.a(_divmodsi4.o)
                0x0000718e                __divmodsi4
 .text.libgcc.div
                0x000071b6       0x10 c:/program files (x86)/atmel/studio/7.0/toolchain/avr8/avr8-gnu-toolchain/bin/../lib/gcc/avr/4.9.2/avr6\libgcc.a(_negsi2.o)
                0x000071b6                __negsi2
 .text.libgcc   0x000071c6       0x10 c:/program files (x86)/atmel/studio/7.0/toolchain/avr8/avr8-gnu-toolchain/bin/../lib/gcc/avr/4.9.2/avr6\libgcc.a(_tablejump2.o)
                0x000071c6                __tablejump2__
 .text.libgcc.mul
                0x000071d6       0x14 c:/program files (x86)/atmel/studio/7.0/toolchain/avr8/avr8-gnu-toolchain/bin/../lib/gcc/avr/4.9.2/avr6\libgcc.a(_muluhisi3.o)
                0x000071d6                __muluhisi3
 .text.libgcc.div
                0x000071ea       0x28 c:/program files (x86)/atmel/studio/7.0/toolchain/avr8/avr8-gnu-toolchain/bin/../lib/gcc/avr/4.9.2/avr6\libgcc.a(_udivmodhi4.o)
                0x000071ea                __udivmodhi4
 .text.libgcc.mul
                0x00007212       0x1e c:/program files (x86)/atmel/studio/7.0/toolchain/avr8/avr8-gnu-toolchain/bin/../lib/gcc/avr/4.9.2/avr6\libgcc.a(_umulhisi3.o)
                0x00007212                __umulhisi3
                0x00007230                . = ALIGN (0x2)
 *(.fini9)
 .fini9         0x00007230        0x0 c:/program files (x86)/atmel/studio/7.0/toolchain/avr8/avr8-gnu-toolchain/bin/../lib/gcc/avr/4.9.2/avr6\libgcc.a(_exit.o)
                0x00007230                _exit
                0x00007230                exit
 *(.fini9)
 *(.fini8)
 *(.fini8)
 *(.fini7)
 *(.fini7)
 *(.fini6)
 *(.fini6)
 *(.fini5)
 *(.fini5)
 *(.fini4)
 *(.fini4)
 *(.fini3)
 *(.fini3)
 *(.fini2)
 *(.fini2)
 *(.fini1)
 *(.fini1)
 *(.fini0)
 .fini0         0x00007230        0x4 c:/program files (x86)/atmel/studio/7.0/toolchain/avr8/avr8-gnu-toolchain/bin/../lib/gcc/avr/4.9.2/avr6\libgcc.a(_exit.o)
 *(.fini0)
                0x00007234                _etext = .

.data           0x00800200      0x122 load address 0x00007234
                0x00800200                PROVIDE (__data_start, .)
 *(.data)
 *(.data*)
 .data.baudrate
                0x00800200        0x4 main.o
                0x00800200                baudrate
 .data.autotuneIndex
                0x00800204        0x1 temperature_control.o
                0x00800204                autotuneIndex
 *(.rodata)
 .rodata        0x00800205      0x11d RFID_RC522.o
 *(.rodata*)
 *(.gnu.linkonce.d*)
                0x00800322                . = ALIGN (0x2)
                0x00800322                _edata = .
                0x00800322                PROVIDE (__data_end, .)

.bss            0x00800322      0x3f1
                0x00800322                PROVIDE (__bss_start, .)
 *(.bss)
 *(.bss*)
 .bss.millis    0x00800322        0x4 hardware.o
                0x00800322                millis
 .bss.Door_move_timer
                0x00800326        0x2 hardware.o
                0x00800326                Door_move_timer
 .bss.Door_delay_timer
                0x00800328        0x2 hardware.o
                0x00800328                Door_delay_timer
 .bss.Filament_measure_timer
                0x0080032a        0x2 hardware.o
                0x0080032a                Filament_measure_timer
 .bss.door_status
                0x0080032c        0x1 hardware.o
                0x0080032c                door_status
 .bss.osAnalogInputPos
                0x0080032d        0x1 hardware.o
                0x0080032d                osAnalogInputPos
 .bss.pwm_count_heater.1739
                0x0080032e        0x1 hardware.o
 .bss.pwm_pos_set.1740
                0x0080032f        0x6 hardware.o
 .bss.pwm_count_cooler.1738
                0x00800335        0x1 hardware.o
 .bss.pwm_cooler_pos_set.1741
                0x00800336        0x2 hardware.o
 .bss.uart_rx_str_event_callback
                0x00800338        0x2 mkuart.o
 .bss.autotune  0x0080033a        0x1 modbus.o
                0x0080033a                autotune
 .bss.PIDTune_status
                0x0080033b        0x2 temperature_control.o
                0x0080033b                PIDTune_status
 .bss.temperature_event_callback
                0x0080033d        0x2 temperature_control.o
 .bss.input_mux.1644
                0x0080033f        0x1 tensometer.o
 *(COMMON)
 COMMON         0x00800340        0x7 Configuration.o
                0x00800340                pwm_pos
 COMMON         0x00800347       0x23 hardware.o
                0x00800347                osAnalogInputCounter
                0x0080034e                osAnalogInputValues
                0x0080035c                osAnalogInputBuildup
 COMMON         0x0080036a       0xd7 mkuart.o
                0x0080036a                UART_TxHead
                0x0080036b                new_line
                0x0080036c                PrzetworzonaRamka
                0x0080037e                UART_TxTail
                0x0080037f                UART_TxBuf
                0x008003ff                UART_RxHead
                0x00800400                UART_RxTail
                0x00800401                UART_RxBuf
 COMMON         0x00800441       0x40 modbus.o
                0x00800441                bufor
 COMMON         0x00800481       0x15 RFID_RC522.o
                0x00800481                uid
                0x0080048d                ID
                0x0080048e                _chipSelectPin
                0x0080048f                key
                0x00800495                _resetPowerDownPin
 COMMON         0x00800496      0x25f temperature_control.o
                0x00800496                tempController
                0x00800664                fan
                0x0080066a                temptable_generic1
                0x008006ee                autotunepidtable
 COMMON         0x008006f5       0x1e tensometer.o
                0x008006f5                tensometer
                0x00800713                PROVIDE (__bss_end, .)
                0x00007234                __data_load_start = LOADADDR (.data)
                0x00007356                __data_load_end = (__data_load_start + SIZEOF (.data))

.noinit         0x00800713        0x0
                [!provide]                PROVIDE (__noinit_start, .)
 *(.noinit*)
                [!provide]                PROVIDE (__noinit_end, .)
                0x00800713                _end = .
                [!provide]                PROVIDE (__heap_start, .)

.eeprom         0x00810000        0x0
 *(.eeprom*)
                0x00810000                __eeprom_end = .

.fuse
 *(.fuse)
 *(.lfuse)
 *(.hfuse)
 *(.efuse)

.lock
 *(.lock*)

.signature
 *(.signature*)

.user_signatures
 *(.user_signatures*)

.stab
 *(.stab)

.stabstr
 *(.stabstr)

.stab.excl
 *(.stab.excl)

.stab.exclstr
 *(.stab.exclstr)

.stab.index
 *(.stab.index)

.stab.indexstr
 *(.stab.indexstr)

.comment        0x00000000       0x30
 *(.comment)
 .comment       0x00000000       0x30 Configuration.o
                                 0x31 (size before relaxing)
 .comment       0x00000030       0x31 hardware.o
 .comment       0x00000030       0x31 main.o
 .comment       0x00000030       0x31 mkuart.o
 .comment       0x00000030       0x31 modbus.o
 .comment       0x00000030       0x31 RFID_RC522.o
 .comment       0x00000030       0x31 spi.o
 .comment       0x00000030       0x31 temperature_control.o
 .comment       0x00000030       0x31 tensometer.o

.note.gnu.avr.deviceinfo
                0x00000000       0x40
 .note.gnu.avr.deviceinfo
                0x00000000       0x40 C:/Program Files (x86)/Atmel/Studio/7.0/Packs/atmel/ATmega_DFP/1.0.106/gcc/dev/atmega2560/avr6/crtatmega2560.o

.note.gnu.build-id
 *(.note.gnu.build-id)

.debug
 *(.debug)

.line
 *(.line)

.debug_srcinfo
 *(.debug_srcinfo)

.debug_sfnames
 *(.debug_sfnames)

.debug_aranges  0x00000000      0x408
 *(.debug_aranges)
 .debug_aranges
                0x00000000       0x20 Configuration.o
 .debug_aranges
                0x00000020       0x58 hardware.o
 .debug_aranges
                0x00000078       0x20 main.o
 .debug_aranges
                0x00000098       0x90 mkuart.o
 .debug_aranges
                0x00000128       0x78 modbus.o
 .debug_aranges
                0x000001a0      0x198 RFID_RC522.o
 .debug_aranges
                0x00000338       0x28 spi.o
 .debug_aranges
                0x00000360       0x70 temperature_control.o
 .debug_aranges
                0x000003d0       0x38 tensometer.o

.debug_pubnames
 *(.debug_pubnames)

.debug_info     0x00000000     0x4a06
 *(.debug_info .gnu.linkonce.wi.*)
 .debug_info    0x00000000       0xda Configuration.o
 .debug_info    0x000000da      0x4df hardware.o
 .debug_info    0x000005b9      0x1ce main.o
 .debug_info    0x00000787      0x643 mkuart.o
 .debug_info    0x00000dca      0x7e3 modbus.o
 .debug_info    0x000015ad     0x1a7a RFID_RC522.o
 .debug_info    0x00003027       0xab spi.o
 .debug_info    0x000030d2      0xff8 temperature_control.o
 .debug_info    0x000040ca      0x93c tensometer.o

.debug_abbrev   0x00000000      0xe7c
 *(.debug_abbrev)
 .debug_abbrev  0x00000000       0x9b Configuration.o
 .debug_abbrev  0x0000009b      0x130 hardware.o
 .debug_abbrev  0x000001cb      0x131 main.o
 .debug_abbrev  0x000002fc      0x1df mkuart.o
 .debug_abbrev  0x000004db      0x1dd modbus.o
 .debug_abbrev  0x000006b8      0x357 RFID_RC522.o
 .debug_abbrev  0x00000a0f       0x78 spi.o
 .debug_abbrev  0x00000a87      0x258 temperature_control.o
 .debug_abbrev  0x00000cdf      0x19d tensometer.o

.debug_line     0x00000000     0x42bb
 *(.debug_line .debug_line.* .debug_line_end)
 .debug_line    0x00000000       0xfb Configuration.o
 .debug_line    0x000000fb      0x467 hardware.o
 .debug_line    0x00000562      0x127 main.o
 .debug_line    0x00000689      0x523 mkuart.o
 .debug_line    0x00000bac      0xd30 modbus.o
 .debug_line    0x000018dc     0x1701 RFID_RC522.o
 .debug_line    0x00002fdd       0xe6 spi.o
 .debug_line    0x000030c3      0xad6 temperature_control.o
 .debug_line    0x00003b99      0x722 tensometer.o

.debug_frame    0x00000000     0x1138
 *(.debug_frame)
 .debug_frame   0x00000000       0x34 Configuration.o
 .debug_frame   0x00000034      0x190 hardware.o
 .debug_frame   0x000001c4       0x34 main.o
 .debug_frame   0x000001f8      0x280 mkuart.o
 .debug_frame   0x00000478      0x1c4 modbus.o
 .debug_frame   0x0000063c      0x760 RFID_RC522.o
 .debug_frame   0x00000d9c       0x54 spi.o
 .debug_frame   0x00000df0      0x29c temperature_control.o
 .debug_frame   0x0000108c       0xac tensometer.o

.debug_str      0x00000000     0x1910
 *(.debug_str)
 .debug_str     0x00000000      0x185 Configuration.o
                                0x1d1 (size before relaxing)
 .debug_str     0x00000185      0x2e3 hardware.o
                                0x4ae (size before relaxing)
 .debug_str     0x00000468       0x58 main.o
                                0x22e (size before relaxing)
 .debug_str     0x000004c0      0x20f mkuart.o
                                0x3d2 (size before relaxing)
 .debug_str     0x000006cf      0x257 modbus.o
                                0x5cf (size before relaxing)
 .debug_str     0x00000926      0xc86 RFID_RC522.o
                                0xec0 (size before relaxing)
 .debug_str     0x000015ac       0x21 spi.o
                                0x1a9 (size before relaxing)
 .debug_str     0x000015cd      0x2c8 temperature_control.o
                                0x6ec (size before relaxing)
 .debug_str     0x00001895       0x7b tensometer.o
                                0x2ee (size before relaxing)

.debug_loc      0x00000000     0x252e
 *(.debug_loc)
 .debug_loc     0x00000000       0x3b Configuration.o
 .debug_loc     0x0000003b      0x337 hardware.o
 .debug_loc     0x00000372       0x47 main.o
 .debug_loc     0x000003b9      0x55e mkuart.o
 .debug_loc     0x00000917      0x3c4 modbus.o
 .debug_loc     0x00000cdb     0x1083 RFID_RC522.o
 .debug_loc     0x00001d5e       0x83 spi.o
 .debug_loc     0x00001de1      0x5fa temperature_control.o
 .debug_loc     0x000023db      0x153 tensometer.o

.debug_macinfo
 *(.debug_macinfo)

.debug_weaknames
 *(.debug_weaknames)

.debug_funcnames
 *(.debug_funcnames)

.debug_typenames
 *(.debug_typenames)

.debug_varnames
 *(.debug_varnames)

.debug_pubtypes
 *(.debug_pubtypes)

.debug_ranges   0x00000000      0x378
 *(.debug_ranges)
 .debug_ranges  0x00000000       0x10 Configuration.o
 .debug_ranges  0x00000010       0x48 hardware.o
 .debug_ranges  0x00000058       0x10 main.o
 .debug_ranges  0x00000068       0x80 mkuart.o
 .debug_ranges  0x000000e8       0x68 modbus.o
 .debug_ranges  0x00000150      0x188 RFID_RC522.o
 .debug_ranges  0x000002d8       0x18 spi.o
 .debug_ranges  0x000002f0       0x60 temperature_control.o
 .debug_ranges  0x00000350       0x28 tensometer.o

.debug_macro
 *(.debug_macro)
OUTPUT(FilamentBoxBoard.elf elf32-avr)
LOAD linker stubs
